Archive member included to satisfy reference by file (symbol)

c:/st/stm32cubeide_1.10.1/stm32cubeide/plugins/com.st.stm32cube.ide.mcu.externaltools.gnu-tools-for-stm32.10.3-2021.10.win32_1.0.100.202210260954/tools/bin/../lib/gcc/arm-none-eabi/10.3.1/../../../../arm-none-eabi/lib/thumb/v6-m/nofp\libc_nano.a(lib_a-errno.o)
                              ./Core/Src/syscalls.o (__errno)
c:/st/stm32cubeide_1.10.1/stm32cubeide/plugins/com.st.stm32cube.ide.mcu.externaltools.gnu-tools-for-stm32.10.3-2021.10.win32_1.0.100.202210260954/tools/bin/../lib/gcc/arm-none-eabi/10.3.1/../../../../arm-none-eabi/lib/thumb/v6-m/nofp\libc_nano.a(lib_a-exit.o)
                              c:/st/stm32cubeide_1.10.1/stm32cubeide/plugins/com.st.stm32cube.ide.mcu.externaltools.gnu-tools-for-stm32.10.3-2021.10.win32_1.0.100.202210260954/tools/bin/../lib/gcc/arm-none-eabi/10.3.1/../../../../arm-none-eabi/lib/thumb/v6-m/nofp/crt0.o (exit)
c:/st/stm32cubeide_1.10.1/stm32cubeide/plugins/com.st.stm32cube.ide.mcu.externaltools.gnu-tools-for-stm32.10.3-2021.10.win32_1.0.100.202210260954/tools/bin/../lib/gcc/arm-none-eabi/10.3.1/../../../../arm-none-eabi/lib/thumb/v6-m/nofp\libc_nano.a(lib_a-impure.o)
                              c:/st/stm32cubeide_1.10.1/stm32cubeide/plugins/com.st.stm32cube.ide.mcu.externaltools.gnu-tools-for-stm32.10.3-2021.10.win32_1.0.100.202210260954/tools/bin/../lib/gcc/arm-none-eabi/10.3.1/../../../../arm-none-eabi/lib/thumb/v6-m/nofp\libc_nano.a(lib_a-exit.o) (_global_impure_ptr)
c:/st/stm32cubeide_1.10.1/stm32cubeide/plugins/com.st.stm32cube.ide.mcu.externaltools.gnu-tools-for-stm32.10.3-2021.10.win32_1.0.100.202210260954/tools/bin/../lib/gcc/arm-none-eabi/10.3.1/../../../../arm-none-eabi/lib/thumb/v6-m/nofp\libc_nano.a(lib_a-init.o)
                              c:/st/stm32cubeide_1.10.1/stm32cubeide/plugins/com.st.stm32cube.ide.mcu.externaltools.gnu-tools-for-stm32.10.3-2021.10.win32_1.0.100.202210260954/tools/bin/../lib/gcc/arm-none-eabi/10.3.1/../../../../arm-none-eabi/lib/thumb/v6-m/nofp/crt0.o (__libc_init_array)
c:/st/stm32cubeide_1.10.1/stm32cubeide/plugins/com.st.stm32cube.ide.mcu.externaltools.gnu-tools-for-stm32.10.3-2021.10.win32_1.0.100.202210260954/tools/bin/../lib/gcc/arm-none-eabi/10.3.1/../../../../arm-none-eabi/lib/thumb/v6-m/nofp\libc_nano.a(lib_a-memset.o)
                              c:/st/stm32cubeide_1.10.1/stm32cubeide/plugins/com.st.stm32cube.ide.mcu.externaltools.gnu-tools-for-stm32.10.3-2021.10.win32_1.0.100.202210260954/tools/bin/../lib/gcc/arm-none-eabi/10.3.1/../../../../arm-none-eabi/lib/thumb/v6-m/nofp/crt0.o (memset)
c:/st/stm32cubeide_1.10.1/stm32cubeide/plugins/com.st.stm32cube.ide.mcu.externaltools.gnu-tools-for-stm32.10.3-2021.10.win32_1.0.100.202210260954/tools/bin/../lib/gcc/arm-none-eabi/10.3.1/thumb/v6-m/nofp\libgcc.a(_udivsi3.o)
                              ./Core/Src/system_stm32g0xx.o (__aeabi_uidiv)
c:/st/stm32cubeide_1.10.1/stm32cubeide/plugins/com.st.stm32cube.ide.mcu.externaltools.gnu-tools-for-stm32.10.3-2021.10.win32_1.0.100.202210260954/tools/bin/../lib/gcc/arm-none-eabi/10.3.1/thumb/v6-m/nofp\libgcc.a(_divsi3.o)
                              ./Drivers/STM32G0xx_HAL_Driver/Src/stm32g0xx_hal_uart_ex.o (__aeabi_idiv)
c:/st/stm32cubeide_1.10.1/stm32cubeide/plugins/com.st.stm32cube.ide.mcu.externaltools.gnu-tools-for-stm32.10.3-2021.10.win32_1.0.100.202210260954/tools/bin/../lib/gcc/arm-none-eabi/10.3.1/thumb/v6-m/nofp\libgcc.a(_dvmd_tls.o)
                              c:/st/stm32cubeide_1.10.1/stm32cubeide/plugins/com.st.stm32cube.ide.mcu.externaltools.gnu-tools-for-stm32.10.3-2021.10.win32_1.0.100.202210260954/tools/bin/../lib/gcc/arm-none-eabi/10.3.1/thumb/v6-m/nofp\libgcc.a(_udivsi3.o) (__aeabi_idiv0)
c:/st/stm32cubeide_1.10.1/stm32cubeide/plugins/com.st.stm32cube.ide.mcu.externaltools.gnu-tools-for-stm32.10.3-2021.10.win32_1.0.100.202210260954/tools/bin/../lib/gcc/arm-none-eabi/10.3.1/thumb/v6-m/nofp\libgcc.a(_aeabi_uldivmod.o)
                              ./Drivers/STM32G0xx_HAL_Driver/Src/stm32g0xx_hal_uart.o (__aeabi_uldivmod)
c:/st/stm32cubeide_1.10.1/stm32cubeide/plugins/com.st.stm32cube.ide.mcu.externaltools.gnu-tools-for-stm32.10.3-2021.10.win32_1.0.100.202210260954/tools/bin/../lib/gcc/arm-none-eabi/10.3.1/thumb/v6-m/nofp\libgcc.a(_udivmoddi4.o)
                              c:/st/stm32cubeide_1.10.1/stm32cubeide/plugins/com.st.stm32cube.ide.mcu.externaltools.gnu-tools-for-stm32.10.3-2021.10.win32_1.0.100.202210260954/tools/bin/../lib/gcc/arm-none-eabi/10.3.1/thumb/v6-m/nofp\libgcc.a(_aeabi_uldivmod.o) (__udivmoddi4)
c:/st/stm32cubeide_1.10.1/stm32cubeide/plugins/com.st.stm32cube.ide.mcu.externaltools.gnu-tools-for-stm32.10.3-2021.10.win32_1.0.100.202210260954/tools/bin/../lib/gcc/arm-none-eabi/10.3.1/thumb/v6-m/nofp\libgcc.a(_clzdi2.o)
[...]
Memory Configuration

Name             Origin             Length             Attributes
RAM              0x0000000020000000 0x0000000000024000 xrw
FLASH            0x0000000008000000 0x0000000000080000 xr
*default*        0x0000000000000000 0xffffffffffffffff

Linker script and memory map

LOAD c:/st/stm32cubeide_1.10.1/stm32cubeide/plugins/com.st.stm32cube.ide.mcu.externaltools.gnu-tools-for-stm32.10.3-2021.10.win32_1.0.100.202210260954/tools/bin/../lib/gcc/arm-none-eabi/10.3.1/thumb/v6-m/nofp/crti.o
LOAD c:/st/stm32cubeide_1.10.1/stm32cubeide/plugins/com.st.stm32cube.ide.mcu.externaltools.gnu-tools-for-stm32.10.3-2021.10.win32_1.0.100.202210260954/tools/bin/../lib/gcc/arm-none-eabi/10.3.1/thumb/v6-m/nofp/crtbegin.o
LOAD c:/st/stm32cubeide_1.10.1/stm32cubeide/plugins/com.st.stm32cube.ide.mcu.externaltools.gnu-tools-for-stm32.10.3-2021.10.win32_1.0.100.202210260954/tools/bin/../lib/gcc/arm-none-eabi/10.3.1/../../../../arm-none-eabi/lib/thumb/v6-m/nofp/crt0.o
LOAD ./Core/Src/main.o
LOAD ./Core/Src/stm32g0xx_hal_msp.o
LOAD ./Core/Src/stm32g0xx_it.o
LOAD ./Core/Src/syscalls.o
LOAD ./Core/Src/sysmem.o
LOAD ./Core/Src/system_stm32g0xx.o
LOAD ./Core/Startup/startup_stm32g0b1retx.o
LOAD ./Drivers/STM32G0xx_HAL_Driver/Src/stm32g0xx_hal.o
LOAD ./Drivers/STM32G0xx_HAL_Driver/Src/stm32g0xx_hal_cortex.o
LOAD ./Drivers/STM32G0xx_HAL_Driver/Src/stm32g0xx_hal_dma.o
LOAD ./Drivers/STM32G0xx_HAL_Driver/Src/stm32g0xx_hal_dma_ex.o
LOAD ./Drivers/STM32G0xx_HAL_Driver/Src/stm32g0xx_hal_exti.o
LOAD ./Drivers/STM32G0xx_HAL_Driver/Src/stm32g0xx_hal_flash.o
LOAD ./Drivers/STM32G0xx_HAL_Driver/Src/stm32g0xx_hal_flash_ex.o
LOAD ./Drivers/STM32G0xx_HAL_Driver/Src/stm32g0xx_hal_gpio.o
LOAD ./Drivers/STM32G0xx_HAL_Driver/Src/stm32g0xx_hal_pcd.o
LOAD ./Drivers/STM32G0xx_HAL_Driver/Src/stm32g0xx_hal_pcd_ex.o
LOAD ./Drivers/STM32G0xx_HAL_Driver/Src/stm32g0xx_hal_pwr.o
LOAD ./Drivers/STM32G0xx_HAL_Driver/Src/stm32g0xx_hal_pwr_ex.o
LOAD ./Drivers/STM32G0xx_HAL_Driver/Src/stm32g0xx_hal_rcc.o
LOAD ./Drivers/STM32G0xx_HAL_Driver/Src/stm32g0xx_hal_rcc_ex.o
LOAD ./Drivers/STM32G0xx_HAL_Driver/Src/stm32g0xx_hal_tim.o
LOAD ./Drivers/STM32G0xx_HAL_Driver/Src/stm32g0xx_hal_tim_ex.o
LOAD ./Drivers/STM32G0xx_HAL_Driver/Src/stm32g0xx_hal_uart.o
LOAD ./Drivers/STM32G0xx_HAL_Driver/Src/stm32g0xx_hal_uart_ex.o
LOAD ./Drivers/STM32G0xx_HAL_Driver/Src/stm32g0xx_ll_dma.o
LOAD ./Drivers/STM32G0xx_HAL_Driver/Src/stm32g0xx_ll_rcc.o
LOAD ./Drivers/STM32G0xx_HAL_Driver/Src/stm32g0xx_ll_usb.o
LOAD ./Middlewares/ST/STM32_USB_Device_Library/Class/CustomHID/Src/usbd_customhid.o
LOAD ./Middlewares/ST/STM32_USB_Device_Library/Core/Src/usbd_core.o
LOAD ./Middlewares/ST/STM32_USB_Device_Library/Core/Src/usbd_ctlreq.o
LOAD ./Middlewares/ST/STM32_USB_Device_Library/Core/Src/usbd_ioreq.o
LOAD ./USB_Device/App/usb_device.o
LOAD ./USB_Device/App/usbd_custom_hid_if.o
LOAD ./USB_Device/App/usbd_desc.o
LOAD ./USB_Device/Target/usbd_conf.o
START GROUP
LOAD c:/st/stm32cubeide_1.10.1/stm32cubeide/plugins/com.st.stm32cube.ide.mcu.externaltools.gnu-tools-for-stm32.10.3-2021.10.win32_1.0.100.202210260954/tools/bin/../lib/gcc/arm-none-eabi/10.3.1/../../../../arm-none-eabi/lib/thumb/v6-m/nofp\libstdc++_nano.a
LOAD c:/st/stm32cubeide_1.10.1/stm32cubeide/plugins/com.st.stm32cube.ide.mcu.externaltools.gnu-tools-for-stm32.10.3-2021.10.win32_1.0.100.202210260954/tools/bin/../lib/gcc/arm-none-eabi/10.3.1/../../../../arm-none-eabi/lib/thumb/v6-m/nofp\libsupc++_nano.a
END GROUP
LOAD c:/st/stm32cubeide_1.10.1/stm32cubeide/plugins/com.st.stm32cube.ide.mcu.externaltools.gnu-tools-for-stm32.10.3-2021.10.win32_1.0.100.202210260954/tools/bin/../lib/gcc/arm-none-eabi/10.3.1/../../../../arm-none-eabi/lib/thumb/v6-m/nofp\libstdc++_nano.a
LOAD c:/st/stm32cubeide_1.10.1/stm32cubeide/plugins/com.st.stm32cube.ide.mcu.externaltools.gnu-tools-for-stm32.10.3-2021.10.win32_1.0.100.202210260954/tools/bin/../lib/gcc/arm-none-eabi/10.3.1/../../../../arm-none-eabi/lib/thumb/v6-m/nofp\libm.a
LOAD c:/st/stm32cubeide_1.10.1/stm32cubeide/plugins/com.st.stm32cube.ide.mcu.externaltools.gnu-tools-for-stm32.10.3-2021.10.win32_1.0.100.202210260954/tools/bin/../lib/gcc/arm-none-eabi/10.3.1/../../../../arm-none-eabi/lib/thumb/v6-m/nofp\libc_nano.a
START GROUP
LOAD c:/st/stm32cubeide_1.10.1/stm32cubeide/plugins/com.st.stm32cube.ide.mcu.externaltools.gnu-tools-for-stm32.10.3-2021.10.win32_1.0.100.202210260954/tools/bin/../lib/gcc/arm-none-eabi/10.3.1/thumb/v6-m/nofp\libgcc.a
LOAD c:/st/stm32cubeide_1.10.1/stm32cubeide/plugins/com.st.stm32cube.ide.mcu.externaltools.gnu-tools-for-stm32.10.3-2021.10.win32_1.0.100.202210260954/tools/bin/../lib/gcc/arm-none-eabi/10.3.1/../../../../arm-none-eabi/lib/thumb/v6-m/nofp\libc_nano.a
END GROUP
START GROUP
LOAD c:/st/stm32cubeide_1.10.1/stm32cubeide/plugins/com.st.stm32cube.ide.mcu.externaltools.gnu-tools-for-stm32.10.3-2021.10.win32_1.0.100.202210260954/tools/bin/../lib/gcc/arm-none-eabi/10.3.1/thumb/v6-m/nofp\libgcc.a
LOAD c:/st/stm32cubeide_1.10.1/stm32cubeide/plugins/com.st.stm32cube.ide.mcu.externaltools.gnu-tools-for-stm32.10.3-2021.10.win32_1.0.100.202210260954/tools/bin/../lib/gcc/arm-none-eabi/10.3.1/../../../../arm-none-eabi/lib/thumb/v6-m/nofp\libc_nano.a
LOAD c:/st/stm32cubeide_1.10.1/stm32cubeide/plugins/com.st.stm32cube.ide.mcu.externaltools.gnu-tools-for-stm32.10.3-2021.10.win32_1.0.100.202210260954/tools/bin/../lib/gcc/arm-none-eabi/10.3.1/../../../../arm-none-eabi/lib/thumb/v6-m/nofp\libnosys.a
END GROUP
START GROUP
LOAD c:/st/stm32cubeide_1.10.1/stm32cubeide/plugins/com.st.stm32cube.ide.mcu.externaltools.gnu-tools-for-stm32.10.3-2021.10.win32_1.0.100.202210260954/tools/bin/../lib/gcc/arm-none-eabi/10.3.1/thumb/v6-m/nofp\libgcc.a
LOAD c:/st/stm32cubeide_1.10.1/stm32cubeide/plugins/com.st.stm32cube.ide.mcu.externaltools.gnu-tools-for-stm32.10.3-2021.10.win32_1.0.100.202210260954/tools/bin/../lib/gcc/arm-none-eabi/10.3.1/../../../../arm-none-eabi/lib/thumb/v6-m/nofp\libc_nano.a
LOAD c:/st/stm32cubeide_1.10.1/stm32cubeide/plugins/com.st.stm32cube.ide.mcu.externaltools.gnu-tools-for-stm32.10.3-2021.10.win32_1.0.100.202210260954/tools/bin/../lib/gcc/arm-none-eabi/10.3.1/../../../../arm-none-eabi/lib/thumb/v6-m/nofp\libnosys.a
END GROUP
LOAD c:/st/stm32cubeide_1.10.1/stm32cubeide/plugins/com.st.stm32cube.ide.mcu.externaltools.gnu-tools-for-stm32.10.3-2021.10.win32_1.0.100.202210260954/tools/bin/../lib/gcc/arm-none-eabi/10.3.1/thumb/v6-m/nofp/crtend.o
LOAD c:/st/stm32cubeide_1.10.1/stm32cubeide/plugins/com.st.stm32cube.ide.mcu.externaltools.gnu-tools-for-stm32.10.3-2021.10.win32_1.0.100.202210260954/tools/bin/../lib/gcc/arm-none-eabi/10.3.1/thumb/v6-m/nofp/crtn.o
                0x0000000020024000                _estack = (ORIGIN (RAM) + LENGTH (RAM))
                0x0000000000000200                _Min_Heap_Size = 0x200
                0x0000000000000400                _Min_Stack_Size = 0x400

.isr_vector     0x0000000008000000       0xbc
                0x0000000008000000                . = ALIGN (0x4)
 *(.isr_vector)
 .isr_vector    0x0000000008000000       0xbc ./Core/Startup/startup_stm32g0b1retx.o
                0x0000000008000000                g_pfnVectors
                0x00000000080000bc                . = ALIGN (0x4)

.text           0x00000000080000bc     0x9538
                0x00000000080000bc                . = ALIGN (0x4)
 *(.text)
 .text          0x00000000080000bc       0x48 c:/st/stm32cubeide_1.10.1/stm32cubeide/plugins/com.st.stm32cube.ide.mcu.externaltools.gnu-tools-for-stm32.10.3-2021.10.win32_1.0.100.202210260954/tools/bin/../lib/gcc/arm-none-eabi/10.3.1/thumb/v6-m/nofp/crtbegin.o
 .text          0x0000000008000104      0x114 c:/st/stm32cubeide_1.10.1/stm32cubeide/plugins/com.st.stm32cube.ide.mcu.externaltools.gnu-tools-for-stm32.10.3-2021.10.win32_1.0.100.202210260954/tools/bin/../lib/gcc/arm-none-eabi/10.3.1/thumb/v6-m/nofp\libgcc.a(_udivsi3.o)
                0x0000000008000104                __aeabi_uidiv
                0x0000000008000104                __udivsi3
                0x0000000008000210                __aeabi_uidivmod
 .text          0x0000000008000218      0x1d4 c:/st/stm32cubeide_1.10.1/stm32cubeide/plugins/com.st.stm32cube.ide.mcu.externaltools.gnu-tools-for-stm32.10.3-2021.10.win32_1.0.100.202210260954/tools/bin/../lib/gcc/arm-none-eabi/10.3.1/thumb/v6-m/nofp\libgcc.a(_divsi3.o)
                0x0000000008000218                __divsi3
                0x0000000008000218                __aeabi_idiv
                0x00000000080003e4                __aeabi_idivmod
 .text          0x00000000080003ec        0x4 c:/st/stm32cubeide_1.10.1/stm32cubeide/plugins/com.st.stm32cube.ide.mcu.externaltools.gnu-tools-for-stm32.10.3-2021.10.win32_1.0.100.202210260954/tools/bin/../lib/gcc/arm-none-eabi/10.3.1/thumb/v6-m/nofp\libgcc.a(_dvmd_tls.o)
                0x00000000080003ec                __aeabi_idiv0
                0x00000000080003ec                __aeabi_ldiv0
 .text          0x00000000080003f0       0x40 c:/st/stm32cubeide_1.10.1/stm32cubeide/plugins/com.st.stm32cube.ide.mcu.externaltools.gnu-tools-for-stm32.10.3-2021.10.win32_1.0.100.202210260954/tools/bin/../lib/gcc/arm-none-eabi/10.3.1/thumb/v6-m/nofp\libgcc.a(_aeabi_uldivmod.o)
                0x00000000080003f0                __aeabi_uldivmod
 .text          0x0000000008000430      0x198 c:/st/stm32cubeide_1.10.1/stm32cubeide/plugins/com.st.stm32cube.ide.mcu.externaltools.gnu-tools-for-stm32.10.3-2021.10.win32_1.0.100.202210260954/tools/bin/../lib/gcc/arm-none-eabi/10.3.1/thumb/v6-m/nofp\libgcc.a(_udivmoddi4.o)
                0x0000000008000430                __udivmoddi4
 .text          0x00000000080005c8       0x18 c:/st/stm32cubeide_1.10.1/stm32cubeide/plugins/com.st.stm32cube.ide.mcu.externaltools.gnu-tools-for-stm32.10.3-2021.10.win32_1.0.100.202210260954/tools/bin/../lib/gcc/arm-none-eabi/10.3.1/thumb/v6-m/nofp\libgcc.a(_clzdi2.o)
                0x00000000080005c8                __clzdi2
 .text          0x00000000080005e0       0x3c c:/st/stm32cubeide_1.10.1/stm32cubeide/plugins/com.st.stm32cube.ide.mcu.externaltools.gnu-tools-for-stm32.10.3-2021.10.win32_1.0.100.202210260954/tools/bin/../lib/gcc/arm-none-eabi/10.3.1/thumb/v6-m/nofp\libgcc.a(_clzsi2.o)
                0x00000000080005e0                __clzsi2
 *(.text*)
 .text.main     0x000000000800061c       0x58 ./Core/Src/main.o
                0x000000000800061c                main
 .text.SystemClock_Config
                0x0000000008000674       0x98 ./Core/Src/main.o
                0x0000000008000674                SystemClock_Config
 .text.MX_USART2_UART_Init
                0x000000000800070c       0x9c ./Core/Src/main.o
 .text.MX_GPIO_Init
                0x00000000080007a8       0xf4 ./Core/Src/main.o
 .text.Error_Handler
                0x000000000800089c        0xa ./Core/Src/main.o
                0x000000000800089c                Error_Handler
 *fill*         0x00000000080008a6        0x2 
 .text.HAL_MspInit
                0x00000000080008a8       0x48 ./Core/Src/stm32g0xx_hal_msp.o
                0x00000000080008a8                HAL_MspInit
 .text.HAL_UART_MspInit
                0x00000000080008f0       0xc0 ./Core/Src/stm32g0xx_hal_msp.o
                0x00000000080008f0                HAL_UART_MspInit
 .text.NMI_Handler
                0x00000000080009b0        0x6 ./Core/Src/stm32g0xx_it.o
                0x00000000080009b0                NMI_Handler
 .text.HardFault_Handler
                0x00000000080009b6        0x6 ./Core/Src/stm32g0xx_it.o
                0x00000000080009b6                HardFault_Handler
 .text.SVC_Handler
                0x00000000080009bc        0xa ./Core/Src/stm32g0xx_it.o
                0x00000000080009bc                SVC_Handler
 .text.PendSV_Handler
                0x00000000080009c6        0xa ./Core/Src/stm32g0xx_it.o
                0x00000000080009c6                PendSV_Handler
 .text.SysTick_Handler
                0x00000000080009d0        0xe ./Core/Src/stm32g0xx_it.o
                0x00000000080009d0                SysTick_Handler
 *fill*         0x00000000080009de        0x2 
 .text.USB_UCPD1_2_IRQHandler
                0x00000000080009e0       0x18 ./Core/Src/stm32g0xx_it.o
                0x00000000080009e0                USB_UCPD1_2_IRQHandler
 .text.SystemInit
                0x00000000080009f8        0xa ./Core/Src/system_stm32g0xx.o
                0x00000000080009f8                SystemInit
 *fill*         0x0000000008000a02        0x2 
 .text.Reset_Handler
                0x0000000008000a04       0x50 ./Core/Startup/startup_stm32g0b1retx.o
                0x0000000008000a04                Reset_Handler
 .text.Default_Handler
                0x0000000008000a54        0x2 ./Core/Startup/startup_stm32g0b1retx.o
                0x0000000008000a54                I2C2_3_IRQHandler
                0x0000000008000a54                USART3_4_5_6_LPUART1_IRQHandler
                0x0000000008000a54                TIM1_CC_IRQHandler
                0x0000000008000a54                ADC1_COMP_IRQHandler
                0x0000000008000a54                I2C1_IRQHandler
                0x0000000008000a54                TIM7_LPTIM2_IRQHandler
                0x0000000008000a54                TIM17_FDCAN_IT1_IRQHandler
                0x0000000008000a54                DMA1_Ch4_7_DMA2_Ch1_5_DMAMUX1_OVR_IRQHandler
                0x0000000008000a54                RCC_CRS_IRQHandler
                0x0000000008000a54                RTC_TAMP_IRQHandler
                0x0000000008000a54                SPI1_IRQHandler
                0x0000000008000a54                EXTI2_3_IRQHandler
                0x0000000008000a54                USART2_LPUART2_IRQHandler
                0x0000000008000a54                PVD_VDDIO2_IRQHandler
                0x0000000008000a54                EXTI4_15_IRQHandler
                0x0000000008000a54                DMA1_Channel1_IRQHandler
                0x0000000008000a54                Default_Handler
                0x0000000008000a54                CEC_IRQHandler
                0x0000000008000a54                TIM14_IRQHandler
                0x0000000008000a54                TIM15_IRQHandler
                0x0000000008000a54                TIM3_TIM4_IRQHandler
                0x0000000008000a54                EXTI0_1_IRQHandler
                0x0000000008000a54                SPI2_3_IRQHandler
                0x0000000008000a54                TIM6_DAC_LPTIM1_IRQHandler
                0x0000000008000a54                WWDG_IRQHandler
                0x0000000008000a54                TIM2_IRQHandler
                0x0000000008000a54                DMA1_Channel2_3_IRQHandler
                0x0000000008000a54                FLASH_IRQHandler
                0x0000000008000a54                USART1_IRQHandler
                0x0000000008000a54                TIM16_FDCAN_IT0_IRQHandler
                0x0000000008000a54                TIM1_BRK_UP_TRG_COM_IRQHandler
 *fill*         0x0000000008000a56        0x2 
 .text.HAL_Init
                0x0000000008000a58       0x40 ./Drivers/STM32G0xx_HAL_Driver/Src/stm32g0xx_hal.o
                0x0000000008000a58                HAL_Init
 .text.HAL_InitTick
                0x0000000008000a98       0x94 ./Drivers/STM32G0xx_HAL_Driver/Src/stm32g0xx_hal.o
                0x0000000008000a98                HAL_InitTick
 .text.HAL_IncTick
                0x0000000008000b2c       0x24 ./Drivers/STM32G0xx_HAL_Driver/Src/stm32g0xx_hal.o
                0x0000000008000b2c                HAL_IncTick
 .text.HAL_GetTick
                0x0000000008000b50       0x14 ./Drivers/STM32G0xx_HAL_Driver/Src/stm32g0xx_hal.o
                0x0000000008000b50                HAL_GetTick
 .text.HAL_Delay
                0x0000000008000b64       0x48 ./Drivers/STM32G0xx_HAL_Driver/Src/stm32g0xx_hal.o
                0x0000000008000b64                HAL_Delay
 .text.__NVIC_EnableIRQ
                0x0000000008000bac       0x34 ./Drivers/STM32G0xx_HAL_Driver/Src/stm32g0xx_hal_cortex.o
 .text.__NVIC_SetPriority
                0x0000000008000be0       0xdc ./Drivers/STM32G0xx_HAL_Driver/Src/stm32g0xx_hal_cortex.o
 .text.SysTick_Config
                0x0000000008000cbc       0x48 ./Drivers/STM32G0xx_HAL_Driver/Src/stm32g0xx_hal_cortex.o
 .text.HAL_NVIC_SetPriority
                0x0000000008000d04       0x2a ./Drivers/STM32G0xx_HAL_Driver/Src/stm32g0xx_hal_cortex.o
                0x0000000008000d04                HAL_NVIC_SetPriority
 .text.HAL_NVIC_EnableIRQ
                0x0000000008000d2e       0x20 ./Drivers/STM32G0xx_HAL_Driver/Src/stm32g0xx_hal_cortex.o
                0x0000000008000d2e                HAL_NVIC_EnableIRQ
 .text.HAL_SYSTICK_Config
                0x0000000008000d4e       0x1a ./Drivers/STM32G0xx_HAL_Driver/Src/stm32g0xx_hal_cortex.o
                0x0000000008000d4e                HAL_SYSTICK_Config
 .text.HAL_GPIO_Init
                0x0000000008000d68      0x2d8 ./Drivers/STM32G0xx_HAL_Driver/Src/stm32g0xx_hal_gpio.o
                0x0000000008000d68                HAL_GPIO_Init
 .text.HAL_GPIO_ReadPin
                0x0000000008001040       0x3a ./Drivers/STM32G0xx_HAL_Driver/Src/stm32g0xx_hal_gpio.o
                0x0000000008001040                HAL_GPIO_ReadPin
 .text.HAL_GPIO_WritePin
                0x000000000800107a       0x3a ./Drivers/STM32G0xx_HAL_Driver/Src/stm32g0xx_hal_gpio.o
                0x000000000800107a                HAL_GPIO_WritePin
 .text.HAL_GPIO_TogglePin
                0x00000000080010b4       0x36 ./Drivers/STM32G0xx_HAL_Driver/Src/stm32g0xx_hal_gpio.o
                0x00000000080010b4                HAL_GPIO_TogglePin
 *fill*         0x00000000080010ea        0x2 
 .text.PCD_GET_EP_RX_CNT
                0x00000000080010ec       0x44 ./Drivers/STM32G0xx_HAL_Driver/Src/stm32g0xx_hal_pcd.o
 .text.PCD_GET_EP_DBUF0_CNT
                0x0000000008001130       0x44 ./Drivers/STM32G0xx_HAL_Driver/Src/stm32g0xx_hal_pcd.o
 .text.PCD_GET_EP_DBUF1_CNT
                0x0000000008001174       0x44 ./Drivers/STM32G0xx_HAL_Driver/Src/stm32g0xx_hal_pcd.o
 .text.HAL_PCD_Init
                0x00000000080011b8      0x234 ./Drivers/STM32G0xx_HAL_Driver/Src/stm32g0xx_hal_pcd.o
                0x00000000080011b8                HAL_PCD_Init
 .text.HAL_PCD_Start
                0x00000000080013ec       0x4a ./Drivers/STM32G0xx_HAL_Driver/Src/stm32g0xx_hal_pcd.o
                0x00000000080013ec                HAL_PCD_Start
 *fill*         0x0000000008001436        0x2 
 .text.HAL_PCD_IRQHandler
                0x0000000008001438      0x22c ./Drivers/STM32G0xx_HAL_Driver/Src/stm32g0xx_hal_pcd.o
                0x0000000008001438                HAL_PCD_IRQHandler
 .text.HAL_PCD_SetAddress
                0x0000000008001664       0x56 ./Drivers/STM32G0xx_HAL_Driver/Src/stm32g0xx_hal_pcd.o
                0x0000000008001664                HAL_PCD_SetAddress
 .text.HAL_PCD_EP_Open
                0x00000000080016ba       0xf4 ./Drivers/STM32G0xx_HAL_Driver/Src/stm32g0xx_hal_pcd.o
                0x00000000080016ba                HAL_PCD_EP_Open
 .text.HAL_PCD_EP_Close
                0x00000000080017ae       0xa6 ./Drivers/STM32G0xx_HAL_Driver/Src/stm32g0xx_hal_pcd.o
                0x00000000080017ae                HAL_PCD_EP_Close
 .text.HAL_PCD_EP_Receive
                0x0000000008001854       0x8a ./Drivers/STM32G0xx_HAL_Driver/Src/stm32g0xx_hal_pcd.o
                0x0000000008001854                HAL_PCD_EP_Receive
 .text.HAL_PCD_EP_Transmit
                0x00000000080018de       0x94 ./Drivers/STM32G0xx_HAL_Driver/Src/stm32g0xx_hal_pcd.o
                0x00000000080018de                HAL_PCD_EP_Transmit
 .text.HAL_PCD_EP_SetStall
                0x0000000008001972       0xbc ./Drivers/STM32G0xx_HAL_Driver/Src/stm32g0xx_hal_pcd.o
                0x0000000008001972                HAL_PCD_EP_SetStall
 .text.HAL_PCD_EP_ClrStall
                0x0000000008001a2e       0xc0 ./Drivers/STM32G0xx_HAL_Driver/Src/stm32g0xx_hal_pcd.o
                0x0000000008001a2e                HAL_PCD_EP_ClrStall
 *fill*         0x0000000008001aee        0x2 
 .text.PCD_EP_ISR_Handler
                0x0000000008001af0      0x748 ./Drivers/STM32G0xx_HAL_Driver/Src/stm32g0xx_hal_pcd.o
 .text.HAL_PCD_EP_DB_Receive
                0x0000000008002238      0x1d8 ./Drivers/STM32G0xx_HAL_Driver/Src/stm32g0xx_hal_pcd.o
 .text.HAL_PCD_EP_DB_Transmit
                0x0000000008002410      0x860 ./Drivers/STM32G0xx_HAL_Driver/Src/stm32g0xx_hal_pcd.o
 .text.HAL_PCDEx_PMAConfig
                0x0000000008002c70       0xa0 ./Drivers/STM32G0xx_HAL_Driver/Src/stm32g0xx_hal_pcd_ex.o
                0x0000000008002c70                HAL_PCDEx_PMAConfig
 .text.HAL_PCDEx_ActivateLPM
                0x0000000008002d10       0x44 ./Drivers/STM32G0xx_HAL_Driver/Src/stm32g0xx_hal_pcd_ex.o
                0x0000000008002d10                HAL_PCDEx_ActivateLPM
 .text.HAL_PWREx_EnableVddUSB
                0x0000000008002d54       0x1c ./Drivers/STM32G0xx_HAL_Driver/Src/stm32g0xx_hal_pwr_ex.o
                0x0000000008002d54                HAL_PWREx_EnableVddUSB
 .text.HAL_PWREx_ControlVoltageScaling
                0x0000000008002d70       0x80 ./Drivers/STM32G0xx_HAL_Driver/Src/stm32g0xx_hal_pwr_ex.o
                0x0000000008002d70                HAL_PWREx_ControlVoltageScaling
 .text.LL_RCC_GetAPB1Prescaler
                0x0000000008002df0       0x18 ./Drivers/STM32G0xx_HAL_Driver/Src/stm32g0xx_hal_rcc.o
 .text.HAL_RCC_OscConfig
                0x0000000008002e08      0x6c0 ./Drivers/STM32G0xx_HAL_Driver/Src/stm32g0xx_hal_rcc.o
                0x0000000008002e08                HAL_RCC_OscConfig
 .text.HAL_RCC_ClockConfig
                0x00000000080034c8      0x210 ./Drivers/STM32G0xx_HAL_Driver/Src/stm32g0xx_hal_rcc.o
                0x00000000080034c8                HAL_RCC_ClockConfig
 .text.HAL_RCC_GetSysClockFreq
                0x00000000080036d8      0x104 ./Drivers/STM32G0xx_HAL_Driver/Src/stm32g0xx_hal_rcc.o
                0x00000000080036d8                HAL_RCC_GetSysClockFreq
 .text.HAL_RCC_GetHCLKFreq
                0x00000000080037dc       0x14 ./Drivers/STM32G0xx_HAL_Driver/Src/stm32g0xx_hal_rcc.o
                0x00000000080037dc                HAL_RCC_GetHCLKFreq
 .text.HAL_RCC_GetPCLK1Freq
                0x00000000080037f0       0x2c ./Drivers/STM32G0xx_HAL_Driver/Src/stm32g0xx_hal_rcc.o
                0x00000000080037f0                HAL_RCC_GetPCLK1Freq
 .text.HAL_RCCEx_PeriphCLKConfig
                0x000000000800381c      0x478 ./Drivers/STM32G0xx_HAL_Driver/Src/stm32g0xx_hal_rcc_ex.o
                0x000000000800381c                HAL_RCCEx_PeriphCLKConfig
 .text.HAL_UART_Init
                0x0000000008003c94       0xac ./Drivers/STM32G0xx_HAL_Driver/Src/stm32g0xx_hal_uart.o
                0x0000000008003c94                HAL_UART_Init
 .text.UART_SetConfig
                0x0000000008003d40      0x6ac ./Drivers/STM32G0xx_HAL_Driver/Src/stm32g0xx_hal_uart.o
                0x0000000008003d40                UART_SetConfig
 .text.UART_AdvFeatureConfig
                0x00000000080043ec      0x168 ./Drivers/STM32G0xx_HAL_Driver/Src/stm32g0xx_hal_uart.o
                0x00000000080043ec                UART_AdvFeatureConfig
 .text.UART_CheckIdleState
                0x0000000008004554       0x9c ./Drivers/STM32G0xx_HAL_Driver/Src/stm32g0xx_hal_uart.o
                0x0000000008004554                UART_CheckIdleState
 .text.UART_WaitOnFlagUntilTimeout
                0x00000000080045f0      0x190 ./Drivers/STM32G0xx_HAL_Driver/Src/stm32g0xx_hal_uart.o
                0x00000000080045f0                UART_WaitOnFlagUntilTimeout
 .text.HAL_UARTEx_DisableFifoMode
                0x0000000008004780       0x74 ./Drivers/STM32G0xx_HAL_Driver/Src/stm32g0xx_hal_uart_ex.o
                0x0000000008004780                HAL_UARTEx_DisableFifoMode
 .text.HAL_UARTEx_SetTxFifoThreshold
                0x00000000080047f4       0x7e ./Drivers/STM32G0xx_HAL_Driver/Src/stm32g0xx_hal_uart_ex.o
                0x00000000080047f4                HAL_UARTEx_SetTxFifoThreshold
 *fill*         0x0000000008004872        0x2 
 .text.HAL_UARTEx_SetRxFifoThreshold
                0x0000000008004874       0x84 ./Drivers/STM32G0xx_HAL_Driver/Src/stm32g0xx_hal_uart_ex.o
                0x0000000008004874                HAL_UARTEx_SetRxFifoThreshold
 .text.UARTEx_SetNbDataToProcess
                0x00000000080048f8       0xbc ./Drivers/STM32G0xx_HAL_Driver/Src/stm32g0xx_hal_uart_ex.o
 .text.USB_EnableGlobalInt
                0x00000000080049b4       0x28 ./Drivers/STM32G0xx_HAL_Driver/Src/stm32g0xx_ll_usb.o
                0x00000000080049b4                USB_EnableGlobalInt
 .text.USB_DisableGlobalInt
                0x00000000080049dc       0x28 ./Drivers/STM32G0xx_HAL_Driver/Src/stm32g0xx_ll_usb.o
                0x00000000080049dc                USB_DisableGlobalInt
 .text.USB_SetCurrentMode
                0x0000000008004a04       0x3c ./Drivers/STM32G0xx_HAL_Driver/Src/stm32g0xx_ll_usb.o
                0x0000000008004a04                USB_SetCurrentMode
 .text.USB_DevInit
                0x0000000008004a40       0x52 ./Drivers/STM32G0xx_HAL_Driver/Src/stm32g0xx_ll_usb.o
                0x0000000008004a40                USB_DevInit
 *fill*         0x0000000008004a92        0x2 
 .text.USB_ActivateEndpoint
                0x0000000008004a94      0x688 ./Drivers/STM32G0xx_HAL_Driver/Src/stm32g0xx_ll_usb.o
                0x0000000008004a94                USB_ActivateEndpoint
 .text.USB_DeactivateEndpoint
                0x000000000800511c      0x2cc ./Drivers/STM32G0xx_HAL_Driver/Src/stm32g0xx_ll_usb.o
                0x000000000800511c                USB_DeactivateEndpoint
 .text.USB_EPStartXfer
                0x00000000080053e8     0x11a8 ./Drivers/STM32G0xx_HAL_Driver/Src/stm32g0xx_ll_usb.o
                0x00000000080053e8                USB_EPStartXfer
 .text.USB_EPSetStall
                0x0000000008006590       0x84 ./Drivers/STM32G0xx_HAL_Driver/Src/stm32g0xx_ll_usb.o
                0x0000000008006590                USB_EPSetStall
 .text.USB_EPClearStall
                0x0000000008006614      0x124 ./Drivers/STM32G0xx_HAL_Driver/Src/stm32g0xx_ll_usb.o
                0x0000000008006614                USB_EPClearStall
 .text.USB_SetDevAddress
                0x0000000008006738       0x26 ./Drivers/STM32G0xx_HAL_Driver/Src/stm32g0xx_ll_usb.o
                0x0000000008006738                USB_SetDevAddress
 .text.USB_DevConnect
                0x000000000800675e       0x20 ./Drivers/STM32G0xx_HAL_Driver/Src/stm32g0xx_ll_usb.o
                0x000000000800675e                USB_DevConnect
 .text.USB_ReadInterrupts
                0x000000000800677e       0x18 ./Drivers/STM32G0xx_HAL_Driver/Src/stm32g0xx_ll_usb.o
                0x000000000800677e                USB_ReadInterrupts
 *fill*         0x0000000008006796        0x2 
 .text.USB_WritePMA
                0x0000000008006798       0xec ./Drivers/STM32G0xx_HAL_Driver/Src/stm32g0xx_ll_usb.o
                0x0000000008006798                USB_WritePMA
 .text.USB_ReadPMA
                0x0000000008006884      0x120 ./Drivers/STM32G0xx_HAL_Driver/Src/stm32g0xx_ll_usb.o
                0x0000000008006884                USB_ReadPMA
 .text.USBD_CUSTOM_HID_Init
                0x00000000080069a4      0x178 ./Middlewares/ST/STM32_USB_Device_Library/Class/CustomHID/Src/usbd_customhid.o
 .text.USBD_CUSTOM_HID_DeInit
                0x0000000008006b1c      0x114 ./Middlewares/ST/STM32_USB_Device_Library/Class/CustomHID/Src/usbd_customhid.o
 .text.USBD_CUSTOM_HID_Setup
                0x0000000008006c30      0x250 ./Middlewares/ST/STM32_USB_Device_Library/Class/CustomHID/Src/usbd_customhid.o
 .text.USBD_CUSTOM_HID_SendReport
                0x0000000008006e80       0x6c ./Middlewares/ST/STM32_USB_Device_Library/Class/CustomHID/Src/usbd_customhid.o
                0x0000000008006e80                USBD_CUSTOM_HID_SendReport
 .text.USBD_CUSTOM_HID_GetFSCfgDesc
                0x0000000008006eec       0x80 ./Middlewares/ST/STM32_USB_Device_Library/Class/CustomHID/Src/usbd_customhid.o
 .text.USBD_CUSTOM_HID_GetHSCfgDesc
                0x0000000008006f6c       0x80 ./Middlewares/ST/STM32_USB_Device_Library/Class/CustomHID/Src/usbd_customhid.o
 .text.USBD_CUSTOM_HID_GetOtherSpeedCfgDesc
                0x0000000008006fec       0x80 ./Middlewares/ST/STM32_USB_Device_Library/Class/CustomHID/Src/usbd_customhid.o
 .text.USBD_CUSTOM_HID_DataIn
                0x000000000800706c       0x2c ./Middlewares/ST/STM32_USB_Device_Library/Class/CustomHID/Src/usbd_customhid.o
 .text.USBD_CUSTOM_HID_DataOut
                0x0000000008007098       0x5e ./Middlewares/ST/STM32_USB_Device_Library/Class/CustomHID/Src/usbd_customhid.o
 *fill*         0x00000000080070f6        0x2 
 .text.USBD_CUSTOM_HID_ReceivePacket
                0x00000000080070f8       0x50 ./Middlewares/ST/STM32_USB_Device_Library/Class/CustomHID/Src/usbd_customhid.o
                0x00000000080070f8                USBD_CUSTOM_HID_ReceivePacket
 .text.USBD_CUSTOM_HID_EP0_RxReady
                0x0000000008007148       0x58 ./Middlewares/ST/STM32_USB_Device_Library/Class/CustomHID/Src/usbd_customhid.o
 .text.USBD_CUSTOM_HID_GetDeviceQualifierDesc
                0x00000000080071a0       0x1c ./Middlewares/ST/STM32_USB_Device_Library/Class/CustomHID/Src/usbd_customhid.o
 .text.USBD_CUSTOM_HID_RegisterInterface
                0x00000000080071bc       0x34 ./Middlewares/ST/STM32_USB_Device_Library/Class/CustomHID/Src/usbd_customhid.o
                0x00000000080071bc                USBD_CUSTOM_HID_RegisterInterface
 .text.USBD_Init
                0x00000000080071f0       0x74 ./Middlewares/ST/STM32_USB_Device_Library/Core/Src/usbd_core.o
                0x00000000080071f0                USBD_Init
 .text.USBD_RegisterClass
                0x0000000008007264       0x7c ./Middlewares/ST/STM32_USB_Device_Library/Core/Src/usbd_core.o
                0x0000000008007264                USBD_RegisterClass
 .text.USBD_Start
                0x00000000080072e0       0x1a ./Middlewares/ST/STM32_USB_Device_Library/Core/Src/usbd_core.o
                0x00000000080072e0                USBD_Start
 .text.USBD_RunTestMode
                0x00000000080072fa       0x12 ./Middlewares/ST/STM32_USB_Device_Library/Core/Src/usbd_core.o
                0x00000000080072fa                USBD_RunTestMode
 .text.USBD_SetClassConfig
                0x000000000800730c       0x4a ./Middlewares/ST/STM32_USB_Device_Library/Core/Src/usbd_core.o
                0x000000000800730c                USBD_SetClassConfig
 .text.USBD_ClrClassConfig
                0x0000000008007356       0x42 ./Middlewares/ST/STM32_USB_Device_Library/Core/Src/usbd_core.o
                0x0000000008007356                USBD_ClrClassConfig
 .text.USBD_LL_SetupStage
                0x0000000008007398       0xd4 ./Middlewares/ST/STM32_USB_Device_Library/Core/Src/usbd_core.o
                0x0000000008007398                USBD_LL_SetupStage
 .text.USBD_LL_DataOutStage
                0x000000000800746c      0x1d0 ./Middlewares/ST/STM32_USB_Device_Library/Core/Src/usbd_core.o
                0x000000000800746c                USBD_LL_DataOutStage
 .text.USBD_LL_DataInStage
                0x000000000800763c      0x1b0 ./Middlewares/ST/STM32_USB_Device_Library/Core/Src/usbd_core.o
                0x000000000800763c                USBD_LL_DataInStage
 .text.USBD_LL_Reset
                0x00000000080077ec       0xbe ./Middlewares/ST/STM32_USB_Device_Library/Core/Src/usbd_core.o
                0x00000000080077ec                USBD_LL_Reset
 .text.USBD_LL_SetSpeed
                0x00000000080078aa       0x20 ./Middlewares/ST/STM32_USB_Device_Library/Core/Src/usbd_core.o
                0x00000000080078aa                USBD_LL_SetSpeed
 *fill*         0x00000000080078ca        0x2 
 .text.USBD_LL_Suspend
                0x00000000080078cc       0x30 ./Middlewares/ST/STM32_USB_Device_Library/Core/Src/usbd_core.o
                0x00000000080078cc                USBD_LL_Suspend
 .text.USBD_LL_Resume
                0x00000000080078fc       0x34 ./Middlewares/ST/STM32_USB_Device_Library/Core/Src/usbd_core.o
                0x00000000080078fc                USBD_LL_Resume
 .text.USBD_LL_SOF
                0x0000000008007930       0x4a ./Middlewares/ST/STM32_USB_Device_Library/Core/Src/usbd_core.o
                0x0000000008007930                USBD_LL_SOF
 .text.USBD_CoreFindIF
                0x000000000800797a       0x18 ./Middlewares/ST/STM32_USB_Device_Library/Core/Src/usbd_core.o
                0x000000000800797a                USBD_CoreFindIF
 .text.USBD_CoreFindEP
                0x0000000008007992       0x18 ./Middlewares/ST/STM32_USB_Device_Library/Core/Src/usbd_core.o
                0x0000000008007992                USBD_CoreFindEP
 .text.USBD_GetEpDesc
                0x00000000080079aa       0x90 ./Middlewares/ST/STM32_USB_Device_Library/Core/Src/usbd_core.o
                0x00000000080079aa                USBD_GetEpDesc
 .text.USBD_GetNextDesc
                0x0000000008007a3a       0x36 ./Middlewares/ST/STM32_USB_Device_Library/Core/Src/usbd_core.o
                0x0000000008007a3a                USBD_GetNextDesc
 .text.SWAPBYTE
                0x0000000008007a70       0x4a ./Middlewares/ST/STM32_USB_Device_Library/Core/Src/usbd_ctlreq.o
 *fill*         0x0000000008007aba        0x2 
 .text.USBD_StdDevReq
                0x0000000008007abc       0xfc ./Middlewares/ST/STM32_USB_Device_Library/Core/Src/usbd_ctlreq.o
                0x0000000008007abc                USBD_StdDevReq
 .text.USBD_StdItfReq
                0x0000000008007bb8      0x11a ./Middlewares/ST/STM32_USB_Device_Library/Core/Src/usbd_ctlreq.o
                0x0000000008007bb8                USBD_StdItfReq
 .text.USBD_StdEPReq
                0x0000000008007cd2      0x40a ./Middlewares/ST/STM32_USB_Device_Library/Core/Src/usbd_ctlreq.o
                0x0000000008007cd2                USBD_StdEPReq
 .text.USBD_GetDescriptor
                0x00000000080080dc      0x3b4 ./Middlewares/ST/STM32_USB_Device_Library/Core/Src/usbd_ctlreq.o
 .text.USBD_SetAddress
                0x0000000008008490       0xac ./Middlewares/ST/STM32_USB_Device_Library/Core/Src/usbd_ctlreq.o
 .text.USBD_SetConfig
                0x000000000800853c      0x19c ./Middlewares/ST/STM32_USB_Device_Library/Core/Src/usbd_ctlreq.o
 .text.USBD_GetConfig
                0x00000000080086d8       0x78 ./Middlewares/ST/STM32_USB_Device_Library/Core/Src/usbd_ctlreq.o
 .text.USBD_GetStatus
                0x0000000008008750       0x76 ./Middlewares/ST/STM32_USB_Device_Library/Core/Src/usbd_ctlreq.o
 .text.USBD_SetFeature
                0x00000000080087c6       0x5e ./Middlewares/ST/STM32_USB_Device_Library/Core/Src/usbd_ctlreq.o
 .text.USBD_ClrFeature
                0x0000000008008824       0x4e ./Middlewares/ST/STM32_USB_Device_Library/Core/Src/usbd_ctlreq.o
 .text.USBD_ParseSetupRequest
                0x0000000008008872       0x7a ./Middlewares/ST/STM32_USB_Device_Library/Core/Src/usbd_ctlreq.o
                0x0000000008008872                USBD_ParseSetupRequest
 .text.USBD_CtlError
                0x00000000080088ec       0x26 ./Middlewares/ST/STM32_USB_Device_Library/Core/Src/usbd_ctlreq.o
                0x00000000080088ec                USBD_CtlError
 .text.USBD_GetString
                0x0000000008008912       0xac ./Middlewares/ST/STM32_USB_Device_Library/Core/Src/usbd_ctlreq.o
                0x0000000008008912                USBD_GetString
 .text.USBD_GetLen
                0x00000000080089be       0x3e ./Middlewares/ST/STM32_USB_Device_Library/Core/Src/usbd_ctlreq.o
 .text.USBD_CtlSendData
                0x00000000080089fc       0x38 ./Middlewares/ST/STM32_USB_Device_Library/Core/Src/usbd_ioreq.o
                0x00000000080089fc                USBD_CtlSendData
 .text.USBD_CtlContinueSendData
                0x0000000008008a34       0x22 ./Middlewares/ST/STM32_USB_Device_Library/Core/Src/usbd_ioreq.o
                0x0000000008008a34                USBD_CtlContinueSendData
 .text.USBD_CtlPrepareRx
                0x0000000008008a56       0x40 ./Middlewares/ST/STM32_USB_Device_Library/Core/Src/usbd_ioreq.o
                0x0000000008008a56                USBD_CtlPrepareRx
 .text.USBD_CtlContinueRx
                0x0000000008008a96       0x22 ./Middlewares/ST/STM32_USB_Device_Library/Core/Src/usbd_ioreq.o
                0x0000000008008a96                USBD_CtlContinueRx
 .text.USBD_CtlSendStatus
                0x0000000008008ab8       0x28 ./Middlewares/ST/STM32_USB_Device_Library/Core/Src/usbd_ioreq.o
                0x0000000008008ab8                USBD_CtlSendStatus
 .text.USBD_CtlReceiveStatus
                0x0000000008008ae0       0x28 ./Middlewares/ST/STM32_USB_Device_Library/Core/Src/usbd_ioreq.o
                0x0000000008008ae0                USBD_CtlReceiveStatus
 .text.MX_USB_Device_Init
                0x0000000008008b08       0x68 ./USB_Device/App/usb_device.o
                0x0000000008008b08                MX_USB_Device_Init
 .text.CUSTOM_HID_Init_FS
                0x0000000008008b70        0xc ./USB_Device/App/usbd_custom_hid_if.o
 .text.CUSTOM_HID_DeInit_FS
                0x0000000008008b7c        0xc ./USB_Device/App/usbd_custom_hid_if.o
 .text.CUSTOM_HID_OutEvent_FS
                0x0000000008008b88       0x40 ./USB_Device/App/usbd_custom_hid_if.o
 .text.USBD_CUSTOM_HID_DeviceDescriptor
                0x0000000008008bc8       0x24 ./USB_Device/App/usbd_desc.o
                0x0000000008008bc8                USBD_CUSTOM_HID_DeviceDescriptor
 .text.USBD_CUSTOM_HID_LangIDStrDescriptor
                0x0000000008008bec       0x24 ./USB_Device/App/usbd_desc.o
                0x0000000008008bec                USBD_CUSTOM_HID_LangIDStrDescriptor
 .text.USBD_CUSTOM_HID_ProductStrDescriptor
                0x0000000008008c10       0x44 ./USB_Device/App/usbd_desc.o
                0x0000000008008c10                USBD_CUSTOM_HID_ProductStrDescriptor
 .text.USBD_CUSTOM_HID_ManufacturerStrDescriptor
                0x0000000008008c54       0x2c ./USB_Device/App/usbd_desc.o
                0x0000000008008c54                USBD_CUSTOM_HID_ManufacturerStrDescriptor
 .text.USBD_CUSTOM_HID_SerialStrDescriptor
                0x0000000008008c80       0x28 ./USB_Device/App/usbd_desc.o
                0x0000000008008c80                USBD_CUSTOM_HID_SerialStrDescriptor
 .text.USBD_CUSTOM_HID_ConfigStrDescriptor
                0x0000000008008ca8       0x44 ./USB_Device/App/usbd_desc.o
                0x0000000008008ca8                USBD_CUSTOM_HID_ConfigStrDescriptor
 .text.USBD_CUSTOM_HID_InterfaceStrDescriptor
                0x0000000008008cec       0x44 ./USB_Device/App/usbd_desc.o
                0x0000000008008cec                USBD_CUSTOM_HID_InterfaceStrDescriptor
 .text.Get_SerialNum
                0x0000000008008d30       0x5c ./USB_Device/App/usbd_desc.o
 .text.IntToUnicode
                0x0000000008008d8c       0x96 ./USB_Device/App/usbd_desc.o
 *fill*         0x0000000008008e22        0x2 
 .text.HAL_PCD_MspInit
                0x0000000008008e24       0xc0 ./USB_Device/Target/usbd_conf.o
                0x0000000008008e24                HAL_PCD_MspInit
 .text.HAL_PCD_SetupStageCallback
                0x0000000008008ee4       0x2a ./USB_Device/Target/usbd_conf.o
                0x0000000008008ee4                HAL_PCD_SetupStageCallback
 .text.HAL_PCD_DataOutStageCallback
                0x0000000008008f0e       0x42 ./USB_Device/Target/usbd_conf.o
                0x0000000008008f0e                HAL_PCD_DataOutStageCallback
 .text.HAL_PCD_DataInStageCallback
                0x0000000008008f50       0x3c ./USB_Device/Target/usbd_conf.o
                0x0000000008008f50                HAL_PCD_DataInStageCallback
 .text.HAL_PCD_SOFCallback
                0x0000000008008f8c       0x1e ./USB_Device/Target/usbd_conf.o
                0x0000000008008f8c                HAL_PCD_SOFCallback
 .text.HAL_PCD_ResetCallback
                0x0000000008008faa       0x48 ./USB_Device/Target/usbd_conf.o
                0x0000000008008faa                HAL_PCD_ResetCallback
 *fill*         0x0000000008008ff2        0x2 
 .text.HAL_PCD_SuspendCallback
                0x0000000008008ff4       0x38 ./USB_Device/Target/usbd_conf.o
                0x0000000008008ff4                HAL_PCD_SuspendCallback
 .text.HAL_PCD_ResumeCallback
                0x000000000800902c       0x3c ./USB_Device/Target/usbd_conf.o
                0x000000000800902c                HAL_PCD_ResumeCallback
 .text.USBD_LL_Init
                0x0000000008009068       0xd0 ./USB_Device/Target/usbd_conf.o
                0x0000000008009068                USBD_LL_Init
 .text.USBD_LL_Start
                0x0000000008009138       0x4a ./USB_Device/Target/usbd_conf.o
                0x0000000008009138                USBD_LL_Start
 .text.USBD_LL_OpenEP
                0x0000000008009182       0x6e ./USB_Device/Target/usbd_conf.o
                0x0000000008009182                USBD_LL_OpenEP
 .text.USBD_LL_CloseEP
                0x00000000080091f0       0x56 ./USB_Device/Target/usbd_conf.o
                0x00000000080091f0                USBD_LL_CloseEP
 .text.USBD_LL_StallEP
                0x0000000008009246       0x56 ./USB_Device/Target/usbd_conf.o
                0x0000000008009246                USBD_LL_StallEP
 .text.USBD_LL_ClearStallEP
                0x000000000800929c       0x56 ./USB_Device/Target/usbd_conf.o
                0x000000000800929c                USBD_LL_ClearStallEP
 .text.USBD_LL_IsStallEP
                0x00000000080092f2       0x62 ./USB_Device/Target/usbd_conf.o
                0x00000000080092f2                USBD_LL_IsStallEP
 .text.USBD_LL_SetUSBAddress
                0x0000000008009354       0x56 ./USB_Device/Target/usbd_conf.o
                0x0000000008009354                USBD_LL_SetUSBAddress
 .text.USBD_LL_Transmit
                0x00000000080093aa       0x60 ./USB_Device/Target/usbd_conf.o
                0x00000000080093aa                USBD_LL_Transmit
 .text.USBD_LL_PrepareReceive
                0x000000000800940a       0x60 ./USB_Device/Target/usbd_conf.o
                0x000000000800940a                USBD_LL_PrepareReceive
 *fill*         0x000000000800946a        0x2 
 .text.HAL_PCDEx_LPM_Callback
                0x000000000800946c       0x74 ./USB_Device/Target/usbd_conf.o
                0x000000000800946c                HAL_PCDEx_LPM_Callback
 .text.USBD_static_malloc
                0x00000000080094e0       0x18 ./USB_Device/Target/usbd_conf.o
                0x00000000080094e0                USBD_static_malloc
 .text.USBD_static_free
                0x00000000080094f8       0x10 ./USB_Device/Target/usbd_conf.o
                0x00000000080094f8                USBD_static_free
 .text.SystemClockConfig_Resume
                0x0000000008009508        0xe ./USB_Device/Target/usbd_conf.o
 .text.USBD_Get_USB_Status
                0x0000000008009516       0x6e ./USB_Device/Target/usbd_conf.o
 .text.__libc_init_array
                0x0000000008009584       0x48 c:/st/stm32cubeide_1.10.1/stm32cubeide/plugins/com.st.stm32cube.ide.mcu.externaltools.gnu-tools-for-stm32.10.3-2021.10.win32_1.0.100.202210260954/tools/bin/../lib/gcc/arm-none-eabi/10.3.1/../../../../arm-none-eabi/lib/thumb/v6-m/nofp\libc_nano.a(lib_a-init.o)
                0x0000000008009584                __libc_init_array
 .text.memset   0x00000000080095cc       0x10 c:/st/stm32cubeide_1.10.1/stm32cubeide/plugins/com.st.stm32cube.ide.mcu.externaltools.gnu-tools-for-stm32.10.3-2021.10.win32_1.0.100.202210260954/tools/bin/../lib/gcc/arm-none-eabi/10.3.1/../../../../arm-none-eabi/lib/thumb/v6-m/nofp\libc_nano.a(lib_a-memset.o)
                0x00000000080095cc                memset
 *(.glue_7)
 .glue_7        0x00000000080095dc        0x0 linker stubs
 *(.glue_7t)
 .glue_7t       0x00000000080095dc        0x0 linker stubs
 *(.eh_frame)
 .eh_frame      0x00000000080095dc        0x0 c:/st/stm32cubeide_1.10.1/stm32cubeide/plugins/com.st.stm32cube.ide.mcu.externaltools.gnu-tools-for-stm32.10.3-2021.10.win32_1.0.100.202210260954/tools/bin/../lib/gcc/arm-none-eabi/10.3.1/thumb/v6-m/nofp/crtbegin.o
 *(.init)
 .init          0x00000000080095dc        0x4 c:/st/stm32cubeide_1.10.1/stm32cubeide/plugins/com.st.stm32cube.ide.mcu.externaltools.gnu-tools-for-stm32.10.3-2021.10.win32_1.0.100.202210260954/tools/bin/../lib/gcc/arm-none-eabi/10.3.1/thumb/v6-m/nofp/crti.o
                0x00000000080095dc                _init
 .init          0x00000000080095e0        0x8 c:/st/stm32cubeide_1.10.1/stm32cubeide/plugins/com.st.stm32cube.ide.mcu.externaltools.gnu-tools-for-stm32.10.3-2021.10.win32_1.0.100.202210260954/tools/bin/../lib/gcc/arm-none-eabi/10.3.1/thumb/v6-m/nofp/crtn.o
 *(.fini)
 .fini          0x00000000080095e8        0x4 c:/st/stm32cubeide_1.10.1/stm32cubeide/plugins/com.st.stm32cube.ide.mcu.externaltools.gnu-tools-for-stm32.10.3-2021.10.win32_1.0.100.202210260954/tools/bin/../lib/gcc/arm-none-eabi/10.3.1/thumb/v6-m/nofp/crti.o
                0x00000000080095e8                _fini
 .fini          0x00000000080095ec        0x8 c:/st/stm32cubeide_1.10.1/stm32cubeide/plugins/com.st.stm32cube.ide.mcu.externaltools.gnu-tools-for-stm32.10.3-2021.10.win32_1.0.100.202210260954/tools/bin/../lib/gcc/arm-none-eabi/10.3.1/thumb/v6-m/nofp/crtn.o
                0x00000000080095f4                . = ALIGN (0x4)
                0x00000000080095f4                _etext = .

.vfp11_veneer   0x00000000080095f4        0x0
 .vfp11_veneer  0x00000000080095f4        0x0 linker stubs

.v4_bx          0x00000000080095f4        0x0
 .v4_bx         0x00000000080095f4        0x0 linker stubs

.iplt           0x00000000080095f4        0x0
 .iplt          0x00000000080095f4        0x0 c:/st/stm32cubeide_1.10.1/stm32cubeide/plugins/com.st.stm32cube.ide.mcu.externaltools.gnu-tools-for-stm32.10.3-2021.10.win32_1.0.100.202210260954/tools/bin/../lib/gcc/arm-none-eabi/10.3.1/thumb/v6-m/nofp/crtbegin.o

.rodata         0x00000000080095f4      0x1c8
                0x00000000080095f4                . = ALIGN (0x4)
 *(.rodata)
 .rodata        0x00000000080095f4       0x5d ./USB_Device/App/usbd_desc.o
 *(.rodata*)
 *fill*         0x0000000008009651        0x3 
 .rodata.AHBPrescTable
                0x0000000008009654       0x40 ./Core/Src/system_stm32g0xx.o
                0x0000000008009654                AHBPrescTable
 .rodata.APBPrescTable
                0x0000000008009694       0x20 ./Core/Src/system_stm32g0xx.o
                0x0000000008009694                APBPrescTable
 .rodata.UARTPrescTable
                0x00000000080096b4       0x18 ./Drivers/STM32G0xx_HAL_Driver/Src/stm32g0xx_hal_uart.o
                0x00000000080096b4                UARTPrescTable
 .rodata.numerator.1
                0x00000000080096cc        0x8 ./Drivers/STM32G0xx_HAL_Driver/Src/stm32g0xx_hal_uart_ex.o
 .rodata.denominator.0
                0x00000000080096d4        0x8 ./Drivers/STM32G0xx_HAL_Driver/Src/stm32g0xx_hal_uart_ex.o
 .rodata.USBD_CUSTOM_HID_Setup
                0x00000000080096dc       0x60 ./Middlewares/ST/STM32_USB_Device_Library/Class/CustomHID/Src/usbd_customhid.o
 .rodata.USBD_StdDevReq
                0x000000000800973c       0x28 ./Middlewares/ST/STM32_USB_Device_Library/Core/Src/usbd_ctlreq.o
 .rodata.USBD_GetDescriptor
                0x0000000008009764       0x58 ./Middlewares/ST/STM32_USB_Device_Library/Core/Src/usbd_ctlreq.o
                0x00000000080097bc                . = ALIGN (0x4)

.ARM.extab      0x00000000080097bc        0x0
                0x00000000080097bc                . = ALIGN (0x4)
 *(.ARM.extab* .gnu.linkonce.armextab.*)
                0x00000000080097bc                . = ALIGN (0x4)

.ARM            0x00000000080097bc        0x8
                0x00000000080097bc                . = ALIGN (0x4)
                0x00000000080097bc                __exidx_start = .
 *(.ARM.exidx*)
 .ARM.exidx     0x00000000080097bc        0x8 c:/st/stm32cubeide_1.10.1/stm32cubeide/plugins/com.st.stm32cube.ide.mcu.externaltools.gnu-tools-for-stm32.10.3-2021.10.win32_1.0.100.202210260954/tools/bin/../lib/gcc/arm-none-eabi/10.3.1/thumb/v6-m/nofp\libgcc.a(_udivmoddi4.o)
                0x00000000080097c4                __exidx_end = .
                0x00000000080097c4                . = ALIGN (0x4)

.rel.dyn        0x00000000080097c4        0x0
 .rel.iplt      0x00000000080097c4        0x0 c:/st/stm32cubeide_1.10.1/stm32cubeide/plugins/com.st.stm32cube.ide.mcu.externaltools.gnu-tools-for-stm32.10.3-2021.10.win32_1.0.100.202210260954/tools/bin/../lib/gcc/arm-none-eabi/10.3.1/thumb/v6-m/nofp/crtbegin.o

.preinit_array  0x00000000080097c4        0x0
                0x00000000080097c4                . = ALIGN (0x4)
                0x00000000080097c4                PROVIDE (__preinit_array_start = .)
 *(.preinit_array*)
                0x00000000080097c4                PROVIDE (__preinit_array_end = .)
                0x00000000080097c4                . = ALIGN (0x4)

.init_array     0x00000000080097c4        0x4
                0x00000000080097c4                . = ALIGN (0x4)
                0x00000000080097c4                PROVIDE (__init_array_start = .)
 *(SORT_BY_NAME(.init_array.*))
 *(.init_array*)
 .init_array    0x00000000080097c4        0x4 c:/st/stm32cubeide_1.10.1/stm32cubeide/plugins/com.st.stm32cube.ide.mcu.externaltools.gnu-tools-for-stm32.10.3-2021.10.win32_1.0.100.202210260954/tools/bin/../lib/gcc/arm-none-eabi/10.3.1/thumb/v6-m/nofp/crtbegin.o
                0x00000000080097c8                PROVIDE (__init_array_end = .)
                0x00000000080097c8                . = ALIGN (0x4)

.fini_array     0x00000000080097c8        0x4
                0x00000000080097c8                . = ALIGN (0x4)
                [!provide]                        PROVIDE (__fini_array_start = .)
 *(SORT_BY_NAME(.fini_array.*))
 *(.fini_array*)
 .fini_array    0x00000000080097c8        0x4 c:/st/stm32cubeide_1.10.1/stm32cubeide/plugins/com.st.stm32cube.ide.mcu.externaltools.gnu-tools-for-stm32.10.3-2021.10.win32_1.0.100.202210260954/tools/bin/../lib/gcc/arm-none-eabi/10.3.1/thumb/v6-m/nofp/crtbegin.o
                [!provide]                        PROVIDE (__fini_array_end = .)
                0x00000000080097cc                . = ALIGN (0x4)
                0x00000000080097cc                _sidata = LOADADDR (.data)

.data           0x0000000020000000       0xf4 load address 0x00000000080097cc
                0x0000000020000000                . = ALIGN (0x4)
                0x0000000020000000                _sdata = .
 *(.data)
 *(.data*)
 .data.data     0x0000000020000000        0x2 ./Core/Src/main.o
                0x0000000020000000                data
 *fill*         0x0000000020000002        0x2 
 .data.SystemCoreClock
                0x0000000020000004        0x4 ./Core/Src/system_stm32g0xx.o
                0x0000000020000004                SystemCoreClock
 .data.uwTickPrio
                0x0000000020000008        0x4 ./Drivers/STM32G0xx_HAL_Driver/Src/stm32g0xx_hal.o
                0x0000000020000008                uwTickPrio
 .data.uwTickFreq
                0x000000002000000c        0x1 ./Drivers/STM32G0xx_HAL_Driver/Src/stm32g0xx_hal.o
                0x000000002000000c                uwTickFreq
 *fill*         0x000000002000000d        0x3 
 .data.USBD_CUSTOM_HID
                0x0000000020000010       0x38 ./Middlewares/ST/STM32_USB_Device_Library/Class/CustomHID/Src/usbd_customhid.o
                0x0000000020000010                USBD_CUSTOM_HID
 .data.USBD_CUSTOM_HID_CfgDesc
                0x0000000020000048       0x29 ./Middlewares/ST/STM32_USB_Device_Library/Class/CustomHID/Src/usbd_customhid.o
 *fill*         0x0000000020000071        0x3 
 .data.USBD_CUSTOM_HID_Desc
                0x0000000020000074        0x9 ./Middlewares/ST/STM32_USB_Device_Library/Class/CustomHID/Src/usbd_customhid.o
 *fill*         0x000000002000007d        0x3 
 .data.USBD_CUSTOM_HID_DeviceQualifierDesc
                0x0000000020000080        0xa ./Middlewares/ST/STM32_USB_Device_Library/Class/CustomHID/Src/usbd_customhid.o
 .data.CUSTOMHIDInEpAdd
                0x000000002000008a        0x1 ./Middlewares/ST/STM32_USB_Device_Library/Class/CustomHID/Src/usbd_customhid.o
 .data.CUSTOMHIDOutEpAdd
                0x000000002000008b        0x1 ./Middlewares/ST/STM32_USB_Device_Library/Class/CustomHID/Src/usbd_customhid.o
 .data.CUSTOM_HID_ReportDesc_FS
                0x000000002000008c        0x3 ./USB_Device/App/usbd_custom_hid_if.o
 *fill*         0x000000002000008f        0x1 
 .data.USBD_CustomHID_fops_FS
                0x0000000020000090       0x10 ./USB_Device/App/usbd_custom_hid_if.o
                0x0000000020000090                USBD_CustomHID_fops_FS
 .data.CUSTOM_HID_Desc
                0x00000000200000a0       0x20 ./USB_Device/App/usbd_desc.o
                0x00000000200000a0                CUSTOM_HID_Desc
 .data.USBD_CUSTOM_HID_DeviceDesc
                0x00000000200000c0       0x12 ./USB_Device/App/usbd_desc.o
                0x00000000200000c0                USBD_CUSTOM_HID_DeviceDesc
 *fill*         0x00000000200000d2        0x2 
 .data.USBD_LangIDDesc
                0x00000000200000d4        0x4 ./USB_Device/App/usbd_desc.o
                0x00000000200000d4                USBD_LangIDDesc
 .data.USBD_StringSerial
                0x00000000200000d8       0x1a ./USB_Device/App/usbd_desc.o
                0x00000000200000d8                USBD_StringSerial
 *(.RamFunc)
 *(.RamFunc*)
                0x00000000200000f4                . = ALIGN (0x4)
 *fill*         0x00000000200000f2        0x2 
                0x00000000200000f4                _edata = .

.igot.plt       0x00000000200000f4        0x0 load address 0x00000000080098c0
 .igot.plt      0x00000000200000f4        0x0 c:/st/stm32cubeide_1.10.1/stm32cubeide/plugins/com.st.stm32cube.ide.mcu.externaltools.gnu-tools-for-stm32.10.3-2021.10.win32_1.0.100.202210260954/tools/bin/../lib/gcc/arm-none-eabi/10.3.1/thumb/v6-m/nofp/crtbegin.o
                0x00000000200000f4                . = ALIGN (0x4)

.bss            0x00000000200000f4      0x8bc load address 0x00000000080098c0
                0x00000000200000f4                _sbss = .
                0x00000000200000f4                __bss_start__ = _sbss
 *(.bss)
 .bss           0x00000000200000f4       0x1c c:/st/stm32cubeide_1.10.1/stm32cubeide/plugins/com.st.stm32cube.ide.mcu.externaltools.gnu-tools-for-stm32.10.3-2021.10.win32_1.0.100.202210260954/tools/bin/../lib/gcc/arm-none-eabi/10.3.1/thumb/v6-m/nofp/crtbegin.o
 *(.bss*)
 .bss.huart2    0x0000000020000110       0x94 ./Core/Src/main.o
                0x0000000020000110                huart2
 .bss.uwTick    0x00000000200001a4        0x4 ./Drivers/STM32G0xx_HAL_Driver/Src/stm32g0xx_hal.o
                0x00000000200001a4                uwTick
 .bss.cfgidx.0  0x00000000200001a8        0x1 ./Middlewares/ST/STM32_USB_Device_Library/Core/Src/usbd_ctlreq.o
 *fill*         0x00000000200001a9        0x3 
 .bss.hUsbDeviceFS
                0x00000000200001ac      0x2dc ./USB_Device/App/usb_device.o
                0x00000000200001ac                hUsbDeviceFS
 .bss.USBD_StrDesc
                0x0000000020000488      0x200 ./USB_Device/App/usbd_desc.o
                0x0000000020000488                USBD_StrDesc
 .bss.hpcd_USB_DRD_FS
                0x0000000020000688      0x308 ./USB_Device/Target/usbd_conf.o
                0x0000000020000688                hpcd_USB_DRD_FS
 .bss.mem.0     0x0000000020000990       0x20 ./USB_Device/Target/usbd_conf.o
 *(COMMON)
                0x00000000200009b0                . = ALIGN (0x4)
                0x00000000200009b0                _ebss = .
                0x00000000200009b0                __bss_end__ = _ebss

._user_heap_stack
                0x00000000200009b0      0x600 load address 0x00000000080098c0
                0x00000000200009b0                . = ALIGN (0x8)
                [!provide]                        PROVIDE (end = .)
                0x00000000200009b0                PROVIDE (_end = .)
                0x0000000020000bb0                . = (. + _Min_Heap_Size)
 *fill*         0x00000000200009b0      0x200 
                0x0000000020000fb0                . = (. + _Min_Stack_Size)
 *fill*         0x0000000020000bb0      0x400 
                0x0000000020000fb0                . = ALIGN (0x8)

/DISCARD/
 libc.a(*)
 libm.a(*)
 libgcc.a(*)

.ARM.attributes
                0x0000000000000000       0x28
 *(.ARM.attributes)
 .ARM.attributes
                0x0000000000000000       0x1e c:/st/stm32cubeide_1.10.1/stm32cubeide/plugins/com.st.stm32cube.ide.mcu.externaltools.gnu-tools-for-stm32.10.3-2021.10.win32_1.0.100.202210260954/tools/bin/../lib/gcc/arm-none-eabi/10.3.1/thumb/v6-m/nofp/crti.o
 .ARM.attributes
                0x000000000000001e       0x2c c:/st/stm32cubeide_1.10.1/stm32cubeide/plugins/com.st.stm32cube.ide.mcu.externaltools.gnu-tools-for-stm32.10.3-2021.10.win32_1.0.100.202210260954/tools/bin/../lib/gcc/arm-none-eabi/10.3.1/thumb/v6-m/nofp/crtbegin.o
 .ARM.attributes
                0x000000000000004a       0x2c ./Core/Src/main.o
 .ARM.attributes
                0x0000000000000076       0x2c ./Core/Src/stm32g0xx_hal_msp.o
 .ARM.attributes
                0x00000000000000a2       0x2c ./Core/Src/stm32g0xx_it.o
 .ARM.attributes
                0x00000000000000ce       0x2c ./Core/Src/system_stm32g0xx.o
 .ARM.attributes
                0x00000000000000fa       0x22 ./Core/Startup/startup_stm32g0b1retx.o
 .ARM.attributes
                0x000000000000011c       0x2c ./Drivers/STM32G0xx_HAL_Driver/Src/stm32g0xx_hal.o
 .ARM.attributes
                0x0000000000000148       0x2c ./Drivers/STM32G0xx_HAL_Driver/Src/stm32g0xx_hal_cortex.o
 .ARM.attributes
                0x0000000000000174       0x2c ./Drivers/STM32G0xx_HAL_Driver/Src/stm32g0xx_hal_gpio.o
 .ARM.attributes
                0x00000000000001a0       0x2c ./Drivers/STM32G0xx_HAL_Driver/Src/stm32g0xx_hal_pcd.o
 .ARM.attributes
                0x00000000000001cc       0x2c ./Drivers/STM32G0xx_HAL_Driver/Src/stm32g0xx_hal_pcd_ex.o
 .ARM.attributes
                0x00000000000001f8       0x2c ./Drivers/STM32G0xx_HAL_Driver/Src/stm32g0xx_hal_pwr_ex.o
 .ARM.attributes
                0x0000000000000224       0x2c ./Drivers/STM32G0xx_HAL_Driver/Src/stm32g0xx_hal_rcc.o
 .ARM.attributes
                0x0000000000000250       0x2c ./Drivers/STM32G0xx_HAL_Driver/Src/stm32g0xx_hal_rcc_ex.o
 .ARM.attributes
                0x000000000000027c       0x2c ./Drivers/STM32G0xx_HAL_Driver/Src/stm32g0xx_hal_uart.o
 .ARM.attributes
                0x00000000000002a8       0x2c ./Drivers/STM32G0xx_HAL_Driver/Src/stm32g0xx_hal_uart_ex.o
 .ARM.attributes
                0x00000000000002d4       0x2c ./Drivers/STM32G0xx_HAL_Driver/Src/stm32g0xx_ll_usb.o
 .ARM.attributes
                0x0000000000000300       0x2c ./Middlewares/ST/STM32_USB_Device_Library/Class/CustomHID/Src/usbd_customhid.o
 .ARM.attributes
                0x000000000000032c       0x2c ./Middlewares/ST/STM32_USB_Device_Library/Core/Src/usbd_core.o
 .ARM.attributes
                0x0000000000000358       0x2c ./Middlewares/ST/STM32_USB_Device_Library/Core/Src/usbd_ctlreq.o
 .ARM.attributes
                0x0000000000000384       0x2c ./Middlewares/ST/STM32_USB_Device_Library/Core/Src/usbd_ioreq.o
 .ARM.attributes
                0x00000000000003b0       0x2c ./USB_Device/App/usb_device.o
 .ARM.attributes
                0x00000000000003dc       0x2c ./USB_Device/App/usbd_custom_hid_if.o
 .ARM.attributes
                0x0000000000000408       0x2c ./USB_Device/App/usbd_desc.o
 .ARM.attributes
                0x0000000000000434       0x2c ./USB_Device/Target/usbd_conf.o
 .ARM.attributes
                0x0000000000000460       0x2c c:/st/stm32cubeide_1.10.1/stm32cubeide/plugins/com.st.stm32cube.ide.mcu.externaltools.gnu-tools-for-stm32.10.3-2021.10.win32_1.0.100.202210260954/tools/bin/../lib/gcc/arm-none-eabi/10.3.1/../../../../arm-none-eabi/lib/thumb/v6-m/nofp\libc_nano.a(lib_a-init.o)
 .ARM.attributes
                0x000000000000048c       0x2c c:/st/stm32cubeide_1.10.1/stm32cubeide/plugins/com.st.stm32cube.ide.mcu.externaltools.gnu-tools-for-stm32.10.3-2021.10.win32_1.0.100.202210260954/tools/bin/../lib/gcc/arm-none-eabi/10.3.1/../../../../arm-none-eabi/lib/thumb/v6-m/nofp\libc_nano.a(lib_a-memset.o)
 .ARM.attributes
                0x00000000000004b8       0x1e c:/st/stm32cubeide_1.10.1/stm32cubeide/plugins/com.st.stm32cube.ide.mcu.externaltools.gnu-tools-for-stm32.10.3-2021.10.win32_1.0.100.202210260954/tools/bin/../lib/gcc/arm-none-eabi/10.3.1/thumb/v6-m/nofp\libgcc.a(_udivsi3.o)
 .ARM.attributes
                0x00000000000004d6       0x1e c:/st/stm32cubeide_1.10.1/stm32cubeide/plugins/com.st.stm32cube.ide.mcu.externaltools.gnu-tools-for-stm32.10.3-2021.10.win32_1.0.100.202210260954/tools/bin/../lib/gcc/arm-none-eabi/10.3.1/thumb/v6-m/nofp\libgcc.a(_divsi3.o)
 .ARM.attributes
                0x00000000000004f4       0x1e c:/st/stm32cubeide_1.10.1/stm32cubeide/plugins/com.st.stm32cube.ide.mcu.externaltools.gnu-tools-for-stm32.10.3-2021.10.win32_1.0.100.202210260954/tools/bin/../lib/gcc/arm-none-eabi/10.3.1/thumb/v6-m/nofp\libgcc.a(_dvmd_tls.o)
 .ARM.attributes
                0x0000000000000512       0x1e c:/st/stm32cubeide_1.10.1/stm32cubeide/plugins/com.st.stm32cube.ide.mcu.externaltools.gnu-tools-for-stm32.10.3-2021.10.win32_1.0.100.202210260954/tools/bin/../lib/gcc/arm-none-eabi/10.3.1/thumb/v6-m/nofp\libgcc.a(_aeabi_uldivmod.o)
 .ARM.attributes
                0x0000000000000530       0x2c c:/st/stm32cubeide_1.10.1/stm32cubeide/plugins/com.st.stm32cube.ide.mcu.externaltools.gnu-tools-for-stm32.10.3-2021.10.win32_1.0.100.202210260954/tools/bin/../lib/gcc/arm-none-eabi/10.3.1/thumb/v6-m/nofp\libgcc.a(_udivmoddi4.o)
 .ARM.attributes
                0x000000000000055c       0x1e c:/st/stm32cubeide_1.10.1/stm32cubeide/plugins/com.st.stm32cube.ide.mcu.externaltools.gnu-tools-for-stm32.10.3-2021.10.win32_1.0.100.202210260954/tools/bin/../lib/gcc/arm-none-eabi/10.3.1/thumb/v6-m/nofp\libgcc.a(_clzdi2.o)
 .ARM.attributes
                0x000000000000057a       0x1e c:/st/stm32cubeide_1.10.1/stm32cubeide/plugins/com.st.stm32cube.ide.mcu.externaltools.gnu-tools-for-stm32.10.3-2021.10.win32_1.0.100.202210260954/tools/bin/../lib/gcc/arm-none-eabi/10.3.1/thumb/v6-m/nofp\libgcc.a(_clzsi2.o)
 .ARM.attributes
                0x0000000000000598       0x1e c:/st/stm32cubeide_1.10.1/stm32cubeide/plugins/com.st.stm32cube.ide.mcu.externaltools.gnu-tools-for-stm32.10.3-2021.10.win32_1.0.100.202210260954/tools/bin/../lib/gcc/arm-none-eabi/10.3.1/thumb/v6-m/nofp/crtn.o
OUTPUT(STM32-USB-Custom-HID-Firmware.elf elf32-littlearm)
LOAD linker stubs
LOAD c:/st/stm32cubeide_1.10.1/stm32cubeide/plugins/com.st.stm32cube.ide.mcu.externaltools.gnu-tools-for-stm32.10.3-2021.10.win32_1.0.100.202210260954/tools/bin/../lib/gcc/arm-none-eabi/10.3.1/../../../../arm-none-eabi/lib/thumb/v6-m/nofp\libc.a
LOAD c:/st/stm32cubeide_1.10.1/stm32cubeide/plugins/com.st.stm32cube.ide.mcu.externaltools.gnu-tools-for-stm32.10.3-2021.10.win32_1.0.100.202210260954/tools/bin/../lib/gcc/arm-none-eabi/10.3.1/../../../../arm-none-eabi/lib/thumb/v6-m/nofp\libm.a
LOAD c:/st/stm32cubeide_1.10.1/stm32cubeide/plugins/com.st.stm32cube.ide.mcu.externaltools.gnu-tools-for-stm32.10.3-2021.10.win32_1.0.100.202210260954/tools/bin/../lib/gcc/arm-none-eabi/10.3.1/thumb/v6-m/nofp\libgcc.a

.debug_info     0x0000000000000000    0x15641
 .debug_info    0x0000000000000000     0x13a0 ./Core/Src/main.o
 .debug_info    0x00000000000013a0      0xcf4 ./Core/Src/stm32g0xx_hal_msp.o
 .debug_info    0x0000000000002094      0x602 ./Core/Src/stm32g0xx_it.o
 .debug_info    0x0000000000002696      0x34d ./Core/Src/system_stm32g0xx.o
 .debug_info    0x00000000000029e3       0x22 ./Core/Startup/startup_stm32g0b1retx.o
 .debug_info    0x0000000000002a05      0xb4d ./Drivers/STM32G0xx_HAL_Driver/Src/stm32g0xx_hal.o
 .debug_info    0x0000000000003552      0x90d ./Drivers/STM32G0xx_HAL_Driver/Src/stm32g0xx_hal_cortex.o
 .debug_info    0x0000000000003e5f      0x647 ./Drivers/STM32G0xx_HAL_Driver/Src/stm32g0xx_hal_gpio.o
 .debug_info    0x00000000000044a6     0x1594 ./Drivers/STM32G0xx_HAL_Driver/Src/stm32g0xx_hal_pcd.o
 .debug_info    0x0000000000005a3a      0x833 ./Drivers/STM32G0xx_HAL_Driver/Src/stm32g0xx_hal_pcd_ex.o
 .debug_info    0x000000000000626d      0x90c ./Drivers/STM32G0xx_HAL_Driver/Src/stm32g0xx_hal_pwr_ex.o
 .debug_info    0x0000000000006b79      0xc08 ./Drivers/STM32G0xx_HAL_Driver/Src/stm32g0xx_hal_rcc.o
 .debug_info    0x0000000000007781      0xaea ./Drivers/STM32G0xx_HAL_Driver/Src/stm32g0xx_hal_rcc_ex.o
 .debug_info    0x000000000000826b     0x4a3c ./Drivers/STM32G0xx_HAL_Driver/Src/stm32g0xx_hal_uart.o
 .debug_info    0x000000000000cca7     0x108d ./Drivers/STM32G0xx_HAL_Driver/Src/stm32g0xx_hal_uart_ex.o
 .debug_info    0x000000000000dd34     0x19dd ./Drivers/STM32G0xx_HAL_Driver/Src/stm32g0xx_ll_usb.o
 .debug_info    0x000000000000f711      0xd1f ./Middlewares/ST/STM32_USB_Device_Library/Class/CustomHID/Src/usbd_customhid.o
 .debug_info    0x0000000000010430      0xf22 ./Middlewares/ST/STM32_USB_Device_Library/Core/Src/usbd_core.o
 .debug_info    0x0000000000011352      0xbba ./Middlewares/ST/STM32_USB_Device_Library/Core/Src/usbd_ctlreq.o
 .debug_info    0x0000000000011f0c      0x815 ./Middlewares/ST/STM32_USB_Device_Library/Core/Src/usbd_ioreq.o
 .debug_info    0x0000000000012721      0x74f ./USB_Device/App/usb_device.o
 .debug_info    0x0000000000012e70      0x80c ./USB_Device/App/usbd_custom_hid_if.o
 .debug_info    0x000000000001367c      0x4c9 ./USB_Device/App/usbd_desc.o
 .debug_info    0x0000000000013b45     0x1afc ./USB_Device/Target/usbd_conf.o

.debug_abbrev   0x0000000000000000     0x350e
 .debug_abbrev  0x0000000000000000      0x2b8 ./Core/Src/main.o
 .debug_abbrev  0x00000000000002b8      0x1c5 ./Core/Src/stm32g0xx_hal_msp.o
 .debug_abbrev  0x000000000000047d      0x1a0 ./Core/Src/stm32g0xx_it.o
 .debug_abbrev  0x000000000000061d      0x116 ./Core/Src/system_stm32g0xx.o
 .debug_abbrev  0x0000000000000733       0x12 ./Core/Startup/startup_stm32g0b1retx.o
 .debug_abbrev  0x0000000000000745      0x278 ./Drivers/STM32G0xx_HAL_Driver/Src/stm32g0xx_hal.o
 .debug_abbrev  0x00000000000009bd      0x29f ./Drivers/STM32G0xx_HAL_Driver/Src/stm32g0xx_hal_cortex.o
 .debug_abbrev  0x0000000000000c5c      0x1b9 ./Drivers/STM32G0xx_HAL_Driver/Src/stm32g0xx_hal_gpio.o
 .debug_abbrev  0x0000000000000e15      0x311 ./Drivers/STM32G0xx_HAL_Driver/Src/stm32g0xx_hal_pcd.o
 .debug_abbrev  0x0000000000001126      0x224 ./Drivers/STM32G0xx_HAL_Driver/Src/stm32g0xx_hal_pcd_ex.o
 .debug_abbrev  0x000000000000134a      0x232 ./Drivers/STM32G0xx_HAL_Driver/Src/stm32g0xx_hal_pwr_ex.o
 .debug_abbrev  0x000000000000157c      0x2ae ./Drivers/STM32G0xx_HAL_Driver/Src/stm32g0xx_hal_rcc.o
 .debug_abbrev  0x000000000000182a      0x234 ./Drivers/STM32G0xx_HAL_Driver/Src/stm32g0xx_hal_rcc_ex.o
 .debug_abbrev  0x0000000000001a5e      0x2ff ./Drivers/STM32G0xx_HAL_Driver/Src/stm32g0xx_hal_uart.o
 .debug_abbrev  0x0000000000001d5d      0x2c4 ./Drivers/STM32G0xx_HAL_Driver/Src/stm32g0xx_hal_uart_ex.o
 .debug_abbrev  0x0000000000002021      0x2a3 ./Drivers/STM32G0xx_HAL_Driver/Src/stm32g0xx_ll_usb.o
 .debug_abbrev  0x00000000000022c4      0x2c3 ./Middlewares/ST/STM32_USB_Device_Library/Class/CustomHID/Src/usbd_customhid.o
 .debug_abbrev  0x0000000000002587      0x27b ./Middlewares/ST/STM32_USB_Device_Library/Core/Src/usbd_core.o
 .debug_abbrev  0x0000000000002802      0x263 ./Middlewares/ST/STM32_USB_Device_Library/Core/Src/usbd_ctlreq.o
 .debug_abbrev  0x0000000000002a65      0x1a2 ./Middlewares/ST/STM32_USB_Device_Library/Core/Src/usbd_ioreq.o
 .debug_abbrev  0x0000000000002c07      0x1a2 ./USB_Device/App/usb_device.o
 .debug_abbrev  0x0000000000002da9      0x1e1 ./USB_Device/App/usbd_custom_hid_if.o
 .debug_abbrev  0x0000000000002f8a      0x221 ./USB_Device/App/usbd_desc.o
 .debug_abbrev  0x00000000000031ab      0x363 ./USB_Device/Target/usbd_conf.o

.debug_aranges  0x0000000000000000      0xf80
 .debug_aranges
                0x0000000000000000       0x40 ./Core/Src/main.o
 .debug_aranges
                0x0000000000000040       0x30 ./Core/Src/stm32g0xx_hal_msp.o
 .debug_aranges
                0x0000000000000070       0x48 ./Core/Src/stm32g0xx_it.o
 .debug_aranges
                0x00000000000000b8       0x28 ./Core/Src/system_stm32g0xx.o
 .debug_aranges
                0x00000000000000e0       0x28 ./Core/Startup/startup_stm32g0b1retx.o
 .debug_aranges
                0x0000000000000108      0x130 ./Drivers/STM32G0xx_HAL_Driver/Src/stm32g0xx_hal.o
 .debug_aranges
                0x0000000000000238       0xd8 ./Drivers/STM32G0xx_HAL_Driver/Src/stm32g0xx_hal_cortex.o
 .debug_aranges
                0x0000000000000310       0x60 ./Drivers/STM32G0xx_HAL_Driver/Src/stm32g0xx_hal_gpio.o
 .debug_aranges
                0x0000000000000370      0x150 ./Drivers/STM32G0xx_HAL_Driver/Src/stm32g0xx_hal_pcd.o
 .debug_aranges
                0x00000000000004c0       0x58 ./Drivers/STM32G0xx_HAL_Driver/Src/stm32g0xx_hal_pcd_ex.o
 .debug_aranges
                0x0000000000000518      0x128 ./Drivers/STM32G0xx_HAL_Driver/Src/stm32g0xx_hal_pwr_ex.o
 .debug_aranges
                0x0000000000000640       0xa0 ./Drivers/STM32G0xx_HAL_Driver/Src/stm32g0xx_hal_rcc.o
 .debug_aranges
                0x00000000000006e0       0x88 ./Drivers/STM32G0xx_HAL_Driver/Src/stm32g0xx_hal_rcc_ex.o
 .debug_aranges
                0x0000000000000768      0x248 ./Drivers/STM32G0xx_HAL_Driver/Src/stm32g0xx_hal_uart.o
 .debug_aranges
                0x00000000000009b0       0xa8 ./Drivers/STM32G0xx_HAL_Driver/Src/stm32g0xx_hal_uart_ex.o
 .debug_aranges
                0x0000000000000a58      0x120 ./Drivers/STM32G0xx_HAL_Driver/Src/stm32g0xx_ll_usb.o
 .debug_aranges
                0x0000000000000b78       0x80 ./Middlewares/ST/STM32_USB_Device_Library/Class/CustomHID/Src/usbd_customhid.o
 .debug_aranges
                0x0000000000000bf8       0xd8 ./Middlewares/ST/STM32_USB_Device_Library/Core/Src/usbd_core.o
 .debug_aranges
                0x0000000000000cd0       0x90 ./Middlewares/ST/STM32_USB_Device_Library/Core/Src/usbd_ctlreq.o
 .debug_aranges
                0x0000000000000d60       0x50 ./Middlewares/ST/STM32_USB_Device_Library/Core/Src/usbd_ioreq.o
 .debug_aranges
                0x0000000000000db0       0x20 ./USB_Device/App/usb_device.o
 .debug_aranges
                0x0000000000000dd0       0x30 ./USB_Device/App/usbd_custom_hid_if.o
 .debug_aranges
                0x0000000000000e00       0x60 ./USB_Device/App/usbd_desc.o
 .debug_aranges
                0x0000000000000e60      0x120 ./USB_Device/Target/usbd_conf.o

.debug_ranges   0x0000000000000000      0xe38
 .debug_ranges  0x0000000000000000       0x30 ./Core/Src/main.o
 .debug_ranges  0x0000000000000030       0x20 ./Core/Src/stm32g0xx_hal_msp.o
 .debug_ranges  0x0000000000000050       0x38 ./Core/Src/stm32g0xx_it.o
 .debug_ranges  0x0000000000000088       0x18 ./Core/Src/system_stm32g0xx.o
 .debug_ranges  0x00000000000000a0       0x20 ./Core/Startup/startup_stm32g0b1retx.o
 .debug_ranges  0x00000000000000c0      0x120 ./Drivers/STM32G0xx_HAL_Driver/Src/stm32g0xx_hal.o
 .debug_ranges  0x00000000000001e0       0xc8 ./Drivers/STM32G0xx_HAL_Driver/Src/stm32g0xx_hal_cortex.o
 .debug_ranges  0x00000000000002a8       0x50 ./Drivers/STM32G0xx_HAL_Driver/Src/stm32g0xx_hal_gpio.o
 .debug_ranges  0x00000000000002f8      0x140 ./Drivers/STM32G0xx_HAL_Driver/Src/stm32g0xx_hal_pcd.o
 .debug_ranges  0x0000000000000438       0x48 ./Drivers/STM32G0xx_HAL_Driver/Src/stm32g0xx_hal_pcd_ex.o
 .debug_ranges  0x0000000000000480      0x118 ./Drivers/STM32G0xx_HAL_Driver/Src/stm32g0xx_hal_pwr_ex.o
 .debug_ranges  0x0000000000000598       0x90 ./Drivers/STM32G0xx_HAL_Driver/Src/stm32g0xx_hal_rcc.o
 .debug_ranges  0x0000000000000628       0x78 ./Drivers/STM32G0xx_HAL_Driver/Src/stm32g0xx_hal_rcc_ex.o
 .debug_ranges  0x00000000000006a0      0x268 ./Drivers/STM32G0xx_HAL_Driver/Src/stm32g0xx_hal_uart.o
 .debug_ranges  0x0000000000000908       0x98 ./Drivers/STM32G0xx_HAL_Driver/Src/stm32g0xx_hal_uart_ex.o
 .debug_ranges  0x00000000000009a0      0x110 ./Drivers/STM32G0xx_HAL_Driver/Src/stm32g0xx_ll_usb.o
 .debug_ranges  0x0000000000000ab0       0x70 ./Middlewares/ST/STM32_USB_Device_Library/Class/CustomHID/Src/usbd_customhid.o
 .debug_ranges  0x0000000000000b20       0xc8 ./Middlewares/ST/STM32_USB_Device_Library/Core/Src/usbd_core.o
 .debug_ranges  0x0000000000000be8       0x80 ./Middlewares/ST/STM32_USB_Device_Library/Core/Src/usbd_ctlreq.o
 .debug_ranges  0x0000000000000c68       0x40 ./Middlewares/ST/STM32_USB_Device_Library/Core/Src/usbd_ioreq.o
 .debug_ranges  0x0000000000000ca8       0x10 ./USB_Device/App/usb_device.o
 .debug_ranges  0x0000000000000cb8       0x20 ./USB_Device/App/usbd_custom_hid_if.o
 .debug_ranges  0x0000000000000cd8       0x50 ./USB_Device/App/usbd_desc.o
 .debug_ranges  0x0000000000000d28      0x110 ./USB_Device/Target/usbd_conf.o

.debug_macro    0x0000000000000000    0x1e52d
 .debug_macro   0x0000000000000000      0x424 ./Core/Src/main.o
 .debug_macro   0x0000000000000424      0xa4e ./Core/Src/main.o
 .debug_macro   0x0000000000000e72      0x12a ./Core/Src/main.o
 .debug_macro   0x0000000000000f9c       0x2e ./Core/Src/main.o
 .debug_macro   0x0000000000000fca       0x28 ./Core/Src/main.o
 .debug_macro   0x0000000000000ff2       0x22 ./Core/Src/main.o
 .debug_macro   0x0000000000001014       0x8e ./Core/Src/main.o
 .debug_macro   0x00000000000010a2       0x51 ./Core/Src/main.o
 .debug_macro   0x00000000000010f3      0x103 ./Core/Src/main.o
 .debug_macro   0x00000000000011f6       0x6a ./Core/Src/main.o
 .debug_macro   0x0000000000001260      0x1df ./Core/Src/main.o
 .debug_macro   0x000000000000143f       0x1c ./Core/Src/main.o
 .debug_macro   0x000000000000145b       0x22 ./Core/Src/main.o
 .debug_macro   0x000000000000147d       0xd1 ./Core/Src/main.o
 .debug_macro   0x000000000000154e      0x4da ./Core/Src/main.o
 .debug_macro   0x0000000000001a28      0x11f ./Core/Src/main.o
 .debug_macro   0x0000000000001b47     0xf3bb ./Core/Src/main.o
 .debug_macro   0x0000000000010f02       0x66 ./Core/Src/main.o
 .debug_macro   0x0000000000010f68     0x34fd ./Core/Src/main.o
 .debug_macro   0x0000000000014465      0x174 ./Core/Src/main.o
 .debug_macro   0x00000000000145d9       0x5c ./Core/Src/main.o
 .debug_macro   0x0000000000014635      0x72c ./Core/Src/main.o
 .debug_macro   0x0000000000014d61     0x1509 ./Core/Src/main.o
 .debug_macro   0x000000000001626a      0x535 ./Core/Src/main.o
 .debug_macro   0x000000000001679f      0x1cf ./Core/Src/main.o
 .debug_macro   0x000000000001696e      0x25b ./Core/Src/main.o
 .debug_macro   0x0000000000016bc9      0x4f5 ./Core/Src/main.o
 .debug_macro   0x00000000000170be      0x280 ./Core/Src/main.o
 .debug_macro   0x000000000001733e      0x417 ./Core/Src/main.o
 .debug_macro   0x0000000000017755      0x1b2 ./Core/Src/main.o
 .debug_macro   0x0000000000017907       0x43 ./Core/Src/main.o
 .debug_macro   0x000000000001794a      0x1f1 ./Core/Src/main.o
 .debug_macro   0x0000000000017b3b      0x1e4 ./Core/Src/main.o
 .debug_macro   0x0000000000017d1f      0x3fa ./Core/Src/main.o
 .debug_macro   0x0000000000018119       0x28 ./Core/Src/main.o
 .debug_macro   0x0000000000018141      0x123 ./Core/Src/main.o
 .debug_macro   0x0000000000018264      0x209 ./Core/Src/main.o
 .debug_macro   0x000000000001846d      0x169 ./Core/Src/main.o
 .debug_macro   0x00000000000185d6      0x145 ./Core/Src/main.o
 .debug_macro   0x000000000001871b      0x30b ./Core/Src/main.o
 .debug_macro   0x0000000000018a26      0x693 ./Core/Src/main.o
 .debug_macro   0x00000000000190b9       0xa6 ./Core/Src/main.o
 .debug_macro   0x000000000001915f      0x5df ./Core/Src/main.o
 .debug_macro   0x000000000001973e       0x64 ./Core/Src/main.o
 .debug_macro   0x00000000000197a2       0x52 ./Core/Src/main.o
 .debug_macro   0x00000000000197f4       0x18 ./Core/Src/main.o
 .debug_macro   0x000000000001980c       0x3c ./Core/Src/main.o
 .debug_macro   0x0000000000019848       0x34 ./Core/Src/main.o
 .debug_macro   0x000000000001987c       0x16 ./Core/Src/main.o
 .debug_macro   0x0000000000019892       0x35 ./Core/Src/main.o
 .debug_macro   0x00000000000198c7      0x341 ./Core/Src/main.o
 .debug_macro   0x0000000000019c08       0x10 ./Core/Src/main.o
 .debug_macro   0x0000000000019c18       0x16 ./Core/Src/main.o
 .debug_macro   0x0000000000019c2e       0x43 ./Core/Src/main.o
 .debug_macro   0x0000000000019c71       0x34 ./Core/Src/main.o
 .debug_macro   0x0000000000019ca5       0x10 ./Core/Src/main.o
 .debug_macro   0x0000000000019cb5       0x58 ./Core/Src/main.o
 .debug_macro   0x0000000000019d0d       0x71 ./Core/Src/main.o
 .debug_macro   0x0000000000019d7e       0x1c ./Core/Src/main.o
 .debug_macro   0x0000000000019d9a      0x12a ./Core/Src/main.o
 .debug_macro   0x0000000000019ec4       0x10 ./Core/Src/main.o
 .debug_macro   0x0000000000019ed4       0x1c ./Core/Src/main.o
 .debug_macro   0x0000000000019ef0       0x52 ./Core/Src/main.o
 .debug_macro   0x0000000000019f42       0x22 ./Core/Src/main.o
 .debug_macro   0x0000000000019f64       0x10 ./Core/Src/main.o
 .debug_macro   0x0000000000019f74       0x52 ./Core/Src/main.o
 .debug_macro   0x0000000000019fc6       0xd5 ./Core/Src/main.o
 .debug_macro   0x000000000001a09b       0x1c ./Core/Src/main.o
 .debug_macro   0x000000000001a0b7       0x3d ./Core/Src/main.o
 .debug_macro   0x000000000001a0f4       0x16 ./Core/Src/main.o
 .debug_macro   0x000000000001a10a      0x145 ./Core/Src/main.o
 .debug_macro   0x000000000001a24f       0x16 ./Core/Src/main.o
 .debug_macro   0x000000000001a265       0x16 ./Core/Src/main.o
 .debug_macro   0x000000000001a27b       0x29 ./Core/Src/main.o
 .debug_macro   0x000000000001a2a4       0x16 ./Core/Src/main.o
 .debug_macro   0x000000000001a2ba       0x20 ./Core/Src/main.o
 .debug_macro   0x000000000001a2da       0x72 ./Core/Src/main.o
 .debug_macro   0x000000000001a34c      0x210 ./Core/Src/main.o
 .debug_macro   0x000000000001a55c       0x65 ./Core/Src/main.o
 .debug_macro   0x000000000001a5c1      0x1fe ./Core/Src/stm32g0xx_hal_msp.o
 .debug_macro   0x000000000001a7bf      0x208 ./Core/Src/stm32g0xx_it.o
 .debug_macro   0x000000000001a9c7      0x1ef ./Core/Src/system_stm32g0xx.o
 .debug_macro   0x000000000001abb6      0x213 ./Drivers/STM32G0xx_HAL_Driver/Src/stm32g0xx_hal.o
 .debug_macro   0x000000000001adc9      0x1ef ./Drivers/STM32G0xx_HAL_Driver/Src/stm32g0xx_hal_cortex.o
 .debug_macro   0x000000000001afb8      0x1f6 ./Drivers/STM32G0xx_HAL_Driver/Src/stm32g0xx_hal_gpio.o
 .debug_macro   0x000000000001b1ae      0x1fb ./Drivers/STM32G0xx_HAL_Driver/Src/stm32g0xx_hal_pcd.o
 .debug_macro   0x000000000001b3a9      0x1ef ./Drivers/STM32G0xx_HAL_Driver/Src/stm32g0xx_hal_pcd_ex.o
 .debug_macro   0x000000000001b598      0x219 ./Drivers/STM32G0xx_HAL_Driver/Src/stm32g0xx_hal_pwr_ex.o
 .debug_macro   0x000000000001b7b1      0x243 ./Drivers/STM32G0xx_HAL_Driver/Src/stm32g0xx_hal_rcc.o
 .debug_macro   0x000000000001b9f4      0x207 ./Drivers/STM32G0xx_HAL_Driver/Src/stm32g0xx_hal_rcc_ex.o
 .debug_macro   0x000000000001bbfb      0x21a ./Drivers/STM32G0xx_HAL_Driver/Src/stm32g0xx_hal_uart.o
 .debug_macro   0x000000000001be15      0x1fb ./Drivers/STM32G0xx_HAL_Driver/Src/stm32g0xx_hal_uart_ex.o
 .debug_macro   0x000000000001c010      0x1ef ./Drivers/STM32G0xx_HAL_Driver/Src/stm32g0xx_ll_usb.o
 .debug_macro   0x000000000001c1ff      0x40e ./Middlewares/ST/STM32_USB_Device_Library/Class/CustomHID/Src/usbd_customhid.o
 .debug_macro   0x000000000001c60d       0x97 ./Middlewares/ST/STM32_USB_Device_Library/Class/CustomHID/Src/usbd_customhid.o
 .debug_macro   0x000000000001c6a4       0xfd ./Middlewares/ST/STM32_USB_Device_Library/Class/CustomHID/Src/usbd_customhid.o
 .debug_macro   0x000000000001c7a1       0x56 ./Middlewares/ST/STM32_USB_Device_Library/Class/CustomHID/Src/usbd_customhid.o
 .debug_macro   0x000000000001c7f7       0x6a ./Middlewares/ST/STM32_USB_Device_Library/Class/CustomHID/Src/usbd_customhid.o
 .debug_macro   0x000000000001c861      0x3fb ./Middlewares/ST/STM32_USB_Device_Library/Core/Src/usbd_core.o
 .debug_macro   0x000000000001cc5c      0x3ff ./Middlewares/ST/STM32_USB_Device_Library/Core/Src/usbd_ctlreq.o
 .debug_macro   0x000000000001d05b      0x3fb ./Middlewares/ST/STM32_USB_Device_Library/Core/Src/usbd_ioreq.o
 .debug_macro   0x000000000001d456      0x435 ./USB_Device/App/usb_device.o
 .debug_macro   0x000000000001d88b       0x22 ./USB_Device/App/usb_device.o
 .debug_macro   0x000000000001d8ad      0x414 ./USB_Device/App/usbd_custom_hid_if.o
 .debug_macro   0x000000000001dcc1      0x438 ./USB_Device/App/usbd_desc.o
 .debug_macro   0x000000000001e0f9       0x1c ./USB_Device/App/usbd_desc.o
 .debug_macro   0x000000000001e115      0x418 ./USB_Device/Target/usbd_conf.o

.debug_line     0x0000000000000000    0x14e3c
 .debug_line    0x0000000000000000      0xb78 ./Core/Src/main.o
 .debug_line    0x0000000000000b78      0x77b ./Core/Src/stm32g0xx_hal_msp.o
 .debug_line    0x00000000000012f3      0x799 ./Core/Src/stm32g0xx_it.o
 .debug_line    0x0000000000001a8c      0x78f ./Core/Src/system_stm32g0xx.o
 .debug_line    0x000000000000221b       0x89 ./Core/Startup/startup_stm32g0b1retx.o
 .debug_line    0x00000000000022a4      0xaf5 ./Drivers/STM32G0xx_HAL_Driver/Src/stm32g0xx_hal.o
 .debug_line    0x0000000000002d99      0xb46 ./Drivers/STM32G0xx_HAL_Driver/Src/stm32g0xx_hal_cortex.o
 .debug_line    0x00000000000038df      0xb46 ./Drivers/STM32G0xx_HAL_Driver/Src/stm32g0xx_hal_gpio.o
 .debug_line    0x0000000000004425     0x146a ./Drivers/STM32G0xx_HAL_Driver/Src/stm32g0xx_hal_pcd.o
 .debug_line    0x000000000000588f      0x881 ./Drivers/STM32G0xx_HAL_Driver/Src/stm32g0xx_hal_pcd_ex.o
 .debug_line    0x0000000000006110      0xbb2 ./Drivers/STM32G0xx_HAL_Driver/Src/stm32g0xx_hal_pwr_ex.o
 .debug_line    0x0000000000006cc2      0xf51 ./Drivers/STM32G0xx_HAL_Driver/Src/stm32g0xx_hal_rcc.o
 .debug_line    0x0000000000007c13     0x114a ./Drivers/STM32G0xx_HAL_Driver/Src/stm32g0xx_hal_rcc_ex.o
 .debug_line    0x0000000000008d5d     0x3517 ./Drivers/STM32G0xx_HAL_Driver/Src/stm32g0xx_hal_uart.o
 .debug_line    0x000000000000c274      0xdc4 ./Drivers/STM32G0xx_HAL_Driver/Src/stm32g0xx_hal_uart_ex.o
 .debug_line    0x000000000000d038     0x1474 ./Drivers/STM32G0xx_HAL_Driver/Src/stm32g0xx_ll_usb.o
 .debug_line    0x000000000000e4ac      0xe2a ./Middlewares/ST/STM32_USB_Device_Library/Class/CustomHID/Src/usbd_customhid.o
 .debug_line    0x000000000000f2d6      0xfab ./Middlewares/ST/STM32_USB_Device_Library/Core/Src/usbd_core.o
 .debug_line    0x0000000000010281     0x1198 ./Middlewares/ST/STM32_USB_Device_Library/Core/Src/usbd_ctlreq.o
 .debug_line    0x0000000000011419      0xac3 ./Middlewares/ST/STM32_USB_Device_Library/Core/Src/usbd_ioreq.o
 .debug_line    0x0000000000011edc      0xa92 ./USB_Device/App/usb_device.o
 .debug_line    0x000000000001296e      0xa9a ./USB_Device/App/usbd_custom_hid_if.o
 .debug_line    0x0000000000013408      0xb48 ./USB_Device/App/usbd_desc.o
 .debug_line    0x0000000000013f50      0xeec ./USB_Device/Target/usbd_conf.o

.debug_str      0x0000000000000000    0xb5966
 .debug_str     0x0000000000000000    0xb16ed ./Core/Src/main.o
                                      0xb1f32 (size before relaxing)
 .debug_str     0x00000000000b16ed      0x220 ./Core/Src/stm32g0xx_hal_msp.o
                                      0xacf3b (size before relaxing)
 .debug_str     0x00000000000b190d      0x3c5 ./Core/Src/stm32g0xx_it.o
                                      0xaca98 (size before relaxing)
 .debug_str     0x00000000000b1cd2       0x8e ./Core/Src/system_stm32g0xx.o
                                      0xac621 (size before relaxing)
 .debug_str     0x00000000000b1d60       0x36 ./Core/Startup/startup_stm32g0b1retx.o
                                         0x72 (size before relaxing)
 .debug_str     0x00000000000b1d96      0x828 ./Drivers/STM32G0xx_HAL_Driver/Src/stm32g0xx_hal.o
                                      0xacefa (size before relaxing)
 .debug_str     0x00000000000b25be      0x298 ./Drivers/STM32G0xx_HAL_Driver/Src/stm32g0xx_hal_cortex.o
                                      0xacafa (size before relaxing)
 .debug_str     0x00000000000b2856      0x153 ./Drivers/STM32G0xx_HAL_Driver/Src/stm32g0xx_hal_gpio.o
                                      0xac784 (size before relaxing)
 .debug_str     0x00000000000b29a9      0x58c ./Drivers/STM32G0xx_HAL_Driver/Src/stm32g0xx_hal_pcd.o
                                      0xacece (size before relaxing)
 .debug_str     0x00000000000b2f35      0x186 ./Drivers/STM32G0xx_HAL_Driver/Src/stm32g0xx_hal_pcd_ex.o
                                      0xacabf (size before relaxing)
 .debug_str     0x00000000000b30bb      0x3f0 ./Drivers/STM32G0xx_HAL_Driver/Src/stm32g0xx_hal_pwr_ex.o
                                      0xacba3 (size before relaxing)
 .debug_str     0x00000000000b34ab      0x3c9 ./Drivers/STM32G0xx_HAL_Driver/Src/stm32g0xx_hal_rcc.o
                                      0xacd13 (size before relaxing)
 .debug_str     0x00000000000b3874      0x36f ./Drivers/STM32G0xx_HAL_Driver/Src/stm32g0xx_hal_rcc_ex.o
                                      0xacc7d (size before relaxing)
 .debug_str     0x00000000000b3be3      0xa10 ./Drivers/STM32G0xx_HAL_Driver/Src/stm32g0xx_hal_uart.o
                                      0xad60c (size before relaxing)
 .debug_str     0x00000000000b45f3      0x26b ./Drivers/STM32G0xx_HAL_Driver/Src/stm32g0xx_hal_uart_ex.o
                                      0xaced2 (size before relaxing)
 .debug_str     0x00000000000b485e      0x351 ./Drivers/STM32G0xx_HAL_Driver/Src/stm32g0xx_ll_usb.o
                                      0xacc4a (size before relaxing)
 .debug_str     0x00000000000b4baf      0x443 ./Middlewares/ST/STM32_USB_Device_Library/Class/CustomHID/Src/usbd_customhid.o
                                      0xb1a5a (size before relaxing)
 .debug_str     0x00000000000b4ff2      0x358 ./Middlewares/ST/STM32_USB_Device_Library/Core/Src/usbd_core.o
                                      0xb17f4 (size before relaxing)
 .debug_str     0x00000000000b534a      0x139 ./Middlewares/ST/STM32_USB_Device_Library/Core/Src/usbd_ctlreq.o
                                      0xb161f (size before relaxing)
 .debug_str     0x00000000000b5483       0x67 ./Middlewares/ST/STM32_USB_Device_Library/Core/Src/usbd_ioreq.o
                                      0xb14f4 (size before relaxing)
 .debug_str     0x00000000000b54ea       0xcb ./USB_Device/App/usb_device.o
                                      0xb17a4 (size before relaxing)
 .debug_str     0x00000000000b55b5       0x7f ./USB_Device/App/usbd_custom_hid_if.o
                                      0xb1742 (size before relaxing)
 .debug_str     0x00000000000b5634      0x2a1 ./USB_Device/App/usbd_desc.o
                                      0xb142f (size before relaxing)
 .debug_str     0x00000000000b58d5       0x91 ./USB_Device/Target/usbd_conf.o
                                      0xb2420 (size before relaxing)

.comment        0x0000000000000000       0x50
 .comment       0x0000000000000000       0x50 ./Core/Src/main.o
                                         0x51 (size before relaxing)
 .comment       0x0000000000000050       0x51 ./Core/Src/stm32g0xx_hal_msp.o
 .comment       0x0000000000000050       0x51 ./Core/Src/stm32g0xx_it.o
 .comment       0x0000000000000050       0x51 ./Core/Src/system_stm32g0xx.o
 .comment       0x0000000000000050       0x51 ./Drivers/STM32G0xx_HAL_Driver/Src/stm32g0xx_hal.o
 .comment       0x0000000000000050       0x51 ./Drivers/STM32G0xx_HAL_Driver/Src/stm32g0xx_hal_cortex.o
 .comment       0x0000000000000050       0x51 ./Drivers/STM32G0xx_HAL_Driver/Src/stm32g0xx_hal_gpio.o
 .comment       0x0000000000000050       0x51 ./Drivers/STM32G0xx_HAL_Driver/Src/stm32g0xx_hal_pcd.o
 .comment       0x0000000000000050       0x51 ./Drivers/STM32G0xx_HAL_Driver/Src/stm32g0xx_hal_pcd_ex.o
 .comment       0x0000000000000050       0x51 ./Drivers/STM32G0xx_HAL_Driver/Src/stm32g0xx_hal_pwr_ex.o
 .comment       0x0000000000000050       0x51 ./Drivers/STM32G0xx_HAL_Driver/Src/stm32g0xx_hal_rcc.o
 .comment       0x0000000000000050       0x51 ./Drivers/STM32G0xx_HAL_Driver/Src/stm32g0xx_hal_rcc_ex.o
 .comment       0x0000000000000050       0x51 ./Drivers/STM32G0xx_HAL_Driver/Src/stm32g0xx_hal_uart.o
 .comment       0x0000000000000050       0x51 ./Drivers/STM32G0xx_HAL_Driver/Src/stm32g0xx_hal_uart_ex.o
 .comment       0x0000000000000050       0x51 ./Drivers/STM32G0xx_HAL_Driver/Src/stm32g0xx_ll_usb.o
 .comment       0x0000000000000050       0x51 ./Middlewares/ST/STM32_USB_Device_Library/Class/CustomHID/Src/usbd_customhid.o
 .comment       0x0000000000000050       0x51 ./Middlewares/ST/STM32_USB_Device_Library/Core/Src/usbd_core.o
 .comment       0x0000000000000050       0x51 ./Middlewares/ST/STM32_USB_Device_Library/Core/Src/usbd_ctlreq.o
 .comment       0x0000000000000050       0x51 ./Middlewares/ST/STM32_USB_Device_Library/Core/Src/usbd_ioreq.o
 .comment       0x0000000000000050       0x51 ./USB_Device/App/usb_device.o
 .comment       0x0000000000000050       0x51 ./USB_Device/App/usbd_custom_hid_if.o
 .comment       0x0000000000000050       0x51 ./USB_Device/App/usbd_desc.o
 .comment       0x0000000000000050       0x51 ./USB_Device/Target/usbd_conf.o

.debug_frame    0x0000000000000000     0x364c
 .debug_frame   0x0000000000000000       0xa4 ./Core/Src/main.o
 .debug_frame   0x00000000000000a4       0x70 ./Core/Src/stm32g0xx_hal_msp.o
 .debug_frame   0x0000000000000114       0xb8 ./Core/Src/stm32g0xx_it.o
 .debug_frame   0x00000000000001cc       0x4c ./Core/Src/system_stm32g0xx.o
 .debug_frame   0x0000000000000218      0x41c ./Drivers/STM32G0xx_HAL_Driver/Src/stm32g0xx_hal.o
 .debug_frame   0x0000000000000634      0x2fc ./Drivers/STM32G0xx_HAL_Driver/Src/stm32g0xx_hal_cortex.o
 .debug_frame   0x0000000000000930      0x130 ./Drivers/STM32G0xx_HAL_Driver/Src/stm32g0xx_hal_gpio.o
 .debug_frame   0x0000000000000a60      0x504 ./Drivers/STM32G0xx_HAL_Driver/Src/stm32g0xx_hal_pcd.o
 .debug_frame   0x0000000000000f64      0x110 ./Drivers/STM32G0xx_HAL_Driver/Src/stm32g0xx_hal_pcd_ex.o
 .debug_frame   0x0000000000001074      0x3f4 ./Drivers/STM32G0xx_HAL_Driver/Src/stm32g0xx_hal_pwr_ex.o
 .debug_frame   0x0000000000001468      0x214 ./Drivers/STM32G0xx_HAL_Driver/Src/stm32g0xx_hal_rcc.o
 .debug_frame   0x000000000000167c      0x1c0 ./Drivers/STM32G0xx_HAL_Driver/Src/stm32g0xx_hal_rcc_ex.o
 .debug_frame   0x000000000000183c      0x8d8 ./Drivers/STM32G0xx_HAL_Driver/Src/stm32g0xx_hal_uart.o
 .debug_frame   0x0000000000002114      0x25c ./Drivers/STM32G0xx_HAL_Driver/Src/stm32g0xx_hal_uart_ex.o
 .debug_frame   0x0000000000002370      0x43c ./Drivers/STM32G0xx_HAL_Driver/Src/stm32g0xx_ll_usb.o
 .debug_frame   0x00000000000027ac      0x1b0 ./Middlewares/ST/STM32_USB_Device_Library/Class/CustomHID/Src/usbd_customhid.o
 .debug_frame   0x000000000000295c      0x320 ./Middlewares/ST/STM32_USB_Device_Library/Core/Src/usbd_core.o
 .debug_frame   0x0000000000002c7c      0x1fc ./Middlewares/ST/STM32_USB_Device_Library/Core/Src/usbd_ctlreq.o
 .debug_frame   0x0000000000002e78       0xf0 ./Middlewares/ST/STM32_USB_Device_Library/Core/Src/usbd_ioreq.o
 .debug_frame   0x0000000000002f68       0x2c ./USB_Device/App/usb_device.o
 .debug_frame   0x0000000000002f94       0x68 ./USB_Device/App/usbd_custom_hid_if.o
 .debug_frame   0x0000000000002ffc      0x130 ./USB_Device/App/usbd_desc.o
 .debug_frame   0x000000000000312c      0x458 ./USB_Device/Target/usbd_conf.o
 .debug_frame   0x0000000000003584       0x2c c:/st/stm32cubeide_1.10.1/stm32cubeide/plugins/com.st.stm32cube.ide.mcu.externaltools.gnu-tools-for-stm32.10.3-2021.10.win32_1.0.100.202210260954/tools/bin/../lib/gcc/arm-none-eabi/10.3.1/../../../../arm-none-eabi/lib/thumb/v6-m/nofp\libc_nano.a(lib_a-init.o)
 .debug_frame   0x00000000000035b0       0x20 c:/st/stm32cubeide_1.10.1/stm32cubeide/plugins/com.st.stm32cube.ide.mcu.externaltools.gnu-tools-for-stm32.10.3-2021.10.win32_1.0.100.202210260954/tools/bin/../lib/gcc/arm-none-eabi/10.3.1/../../../../arm-none-eabi/lib/thumb/v6-m/nofp\libc_nano.a(lib_a-memset.o)
 .debug_frame   0x00000000000035d0       0x20 c:/st/stm32cubeide_1.10.1/stm32cubeide/plugins/com.st.stm32cube.ide.mcu.externaltools.gnu-tools-for-stm32.10.3-2021.10.win32_1.0.100.202210260954/tools/bin/../lib/gcc/arm-none-eabi/10.3.1/thumb/v6-m/nofp\libgcc.a(_udivsi3.o)
 .debug_frame   0x00000000000035f0       0x20 c:/st/stm32cubeide_1.10.1/stm32cubeide/plugins/com.st.stm32cube.ide.mcu.externaltools.gnu-tools-for-stm32.10.3-2021.10.win32_1.0.100.202210260954/tools/bin/../lib/gcc/arm-none-eabi/10.3.1/thumb/v6-m/nofp\libgcc.a(_divsi3.o)
 .debug_frame   0x0000000000003610       0x3c c:/st/stm32cubeide_1.10.1/stm32cubeide/plugins/com.st.stm32cube.ide.mcu.externaltools.gnu-tools-for-stm32.10.3-2021.10.win32_1.0.100.202210260954/tools/bin/../lib/gcc/arm-none-eabi/10.3.1/thumb/v6-m/nofp\libgcc.a(_udivmoddi4.o)